// Jest Snapshot v1, https://goo.gl/fbAQLP

exports[`<DropDown> matches snapshot 1`] = `
<div>
  <styled.div>
    <StyledSelect
      id="43312519-027b-4455-b002-c2b9cbd4ac93"
      name="e2368339-2e09-4049-8fd0-2e808d9d8109"
      onChange={[MockFunction]}
      value="corporis"
    >
      <option
        key="dd2253f5-393e-426c-9459-f8bd43bcb253"
        value="sequi"
      >
        sequi
      </option>
      <option
        key="12dbb12c-f2b0-4360-8f73-8d1760bc999d"
        value="facilis"
      >
        facilis
      </option>
      <option
        key="c91f9293-6d2b-4642-8ffa-2e00e24e5023"
        value="corporis"
      >
        corporis
      </option>
      <option
        key="920d0c45-9026-46fc-ac92-1d50811e72bf"
        value="sed"
      >
        sed
      </option>
      <option
        key="43b180d0-4e34-462b-a85b-de7d04a30b68"
        value="veritatis"
      >
        veritatis
      </option>
      <option
        key="aa69949e-9fc3-4998-a282-7ab363df2c01"
        value="quidem"
      >
        quidem
      </option>
      <option
        key="5ec5eccb-1445-4f5c-a143-52efb0f562e2"
        value="praesentium"
      >
        praesentium
      </option>
    </StyledSelect>
  </styled.div>
</div>
`;

exports[`<DropDown> matches snapshot 2`] = `
<div
  className="in sunt occaecati nulla aut sunt est"
>
  <styled.div>
    <StyledSelect
      id="47a4fc35-8583-4029-bac7-7328fdb1f923"
      onChange={[MockFunction]}
      value="omnis"
    >
      <option
        key="a28f49ee-aa1d-4657-8619-ef1ba10d3770"
        value="itaque"
      >
        itaque
      </option>
      <option
        key="5a486dfe-2c4e-47d4-9d52-9b94b6b9173d"
        value="omnis"
      >
        omnis
      </option>
      <option
        key="7b0ed2c6-f456-4789-ba47-2ff1b1b004f3"
        value="debitis"
      >
        debitis
      </option>
      <option
        key="40043f89-b06d-488b-a827-31d7843eaa70"
        value="rem"
      >
        rem
      </option>
      <option
        key="ff7a511e-a0c0-4b09-abbd-0f41ecff65e0"
        value="similique"
      >
        similique
      </option>
      <option
        key="cf3281d7-e7c3-43d9-8dff-43d97aa1f401"
        value="temporibus"
      >
        temporibus
      </option>
      <option
        key="09039fa8-c0ce-4836-be73-3fc9a35a82af"
        value="aliquam"
      >
        aliquam
      </option>
    </StyledSelect>
  </styled.div>
</div>
`;

exports[`<DropDown> matches snapshot 3`] = `
<div>
  <styled.div>
    <StyledSelect
      id="5703f8f2-9165-449b-aa7f-19441329b4ac"
      name="7bc68196-f8d1-43d3-ad97-c60ec9cfc616"
      onChange={[MockFunction]}
    >
      <option
        key="ff6886bd-b125-46f6-aa3c-b795075f1c86"
        value="assumenda"
      >
        assumenda
      </option>
      <option
        key="6f92828c-402d-4c6d-ae18-2ffda9d56159"
        value="quis"
      >
        quis
      </option>
      <option
        key="193157a1-bc44-42e5-8e28-1837d3c4933d"
        value="quae"
      >
        quae
      </option>
      <option
        key="0b959949-b911-476b-af67-693128af37d2"
        value="iusto"
      >
        iusto
      </option>
      <option
        key="1faf91e6-40bd-47b5-9b28-d76d074628b7"
        value="sapiente"
      >
        sapiente
      </option>
      <option
        key="7b4fd938-7c92-4acf-94e0-2c6e2cadc20a"
        value="nostrum"
      >
        nostrum
      </option>
      <option
        key="067eb339-d1a0-40cf-b971-90357539aef8"
        value="aut"
      >
        aut
      </option>
    </StyledSelect>
  </styled.div>
</div>
`;

exports[`<DropDown> matches snapshot 4`] = `
<div
  className="ab assumenda animi non quis quis nobis"
>
  <styled.div>
    <StyledSelect
      id="4a67b9b1-ab9c-4f94-aabc-26e8a2928077"
      name="ba28c927-828a-4031-9860-d06ee101ad55"
      onChange={[MockFunction]}
      value="sint"
    >
      <option
        key="736ffad3-4753-4f1b-af90-d169f648d048"
        value="aut"
      >
        aut
      </option>
      <option
        key="4a89c2d4-2767-41a6-a7c1-06f02e45884a"
        value="autem"
      >
        autem
      </option>
      <option
        key="5debcb55-67c7-4638-8e0c-0b8b283557b8"
        value="ut"
      >
        ut
      </option>
      <option
        key="bcc9086d-52d4-4602-9e93-bc68d250053f"
        value="ullam"
      >
        ullam
      </option>
      <option
        key="27d50579-0b98-4b47-a4db-7a882fb06221"
        value="et"
      >
        et
      </option>
      <option
        key="a37a526b-5a32-487b-95d3-55dd7acc4bc3"
        value="possimus"
      >
        possimus
      </option>
      <option
        key="2cc98fc2-80aa-4ce4-ab5b-cb850077d4f3"
        value="sint"
      >
        sint
      </option>
    </StyledSelect>
  </styled.div>
</div>
`;

exports[`<DropDown> matches snapshot 5`] = `
<div
  className="expedita omnis sit vitae consequuntur non sit"
>
  <styled.div>
    <StyledSelect
      id="15990c1e-6037-4147-ae29-3196b02240b0"
      onChange={[MockFunction]}
    >
      <option
        key="4718271b-4213-4bf2-83e4-20e92f1b6b73"
        value="ut"
      >
        ut
      </option>
      <option
        key="a9f5181b-e084-47dc-973b-3891c1c84b0c"
        value="dignissimos"
      >
        dignissimos
      </option>
      <option
        key="876f23ee-8698-49a4-bdb2-5c38ce4585cd"
        value="aspernatur"
      >
        aspernatur
      </option>
      <option
        key="ec41c294-e5fd-4bc8-a775-6a2572b7e67d"
        value="voluptate"
      >
        voluptate
      </option>
      <option
        key="f6b8c601-76e4-497d-8670-7b59625ce016"
        value="voluptatem"
      >
        voluptatem
      </option>
      <option
        key="0173396b-e62c-443c-9601-274c90505e9e"
        value="est"
      >
        est
      </option>
      <option
        key="cb4307b4-e4cd-4e48-b9a9-3c2e51529fb4"
        value="eius"
      >
        eius
      </option>
    </StyledSelect>
  </styled.div>
</div>
`;

exports[`<DropDown> matches snapshot 6`] = `
<div>
  <styled.div>
    <StyledSelect
      id="c7f2b26f-4a11-445e-8d5d-3e38ebb0a2a1"
      name="f67e1947-6f3c-41b3-a1d0-dbb4e0c1e361"
      onChange={[MockFunction]}
    >
      <option
        key="11251d28-fcb9-4233-8b59-87da59bc5d1a"
        value="sed"
      >
        sed
      </option>
      <option
        key="7f80ea8f-5674-4338-9c83-dc056eefc8b1"
        value="nobis"
      >
        nobis
      </option>
      <option
        key="226a80ef-5a55-4727-95d3-5d81b6b70337"
        value="excepturi"
      >
        excepturi
      </option>
      <option
        key="48bc506b-e14c-498c-902b-cbec465de7ef"
        value="saepe"
      >
        saepe
      </option>
      <option
        key="e035f2df-f423-4ee4-97b5-b29ab990e877"
        value="autem"
      >
        autem
      </option>
      <option
        key="b9d22d56-12ab-472a-9601-d5395c4af7ec"
        value="quis"
      >
        quis
      </option>
      <option
        key="e3659b22-5972-4d6d-bf3b-cc702af9625e"
        value="molestiae"
      >
        molestiae
      </option>
    </StyledSelect>
  </styled.div>
</div>
`;

exports[`<DropDown> matches snapshot 7`] = `
<div
  className="ut distinctio molestias placeat exercitationem unde minus"
>
  <styled.div>
    <StyledSelect
      id="119cdf86-47b4-40ee-9c87-863d300037c3"
      name="6fd3a9e0-61af-48f0-9fde-3b658877621f"
      onChange={[MockFunction]}
    >
      <option
        key="d0836314-56d5-49e0-a0ec-a88ef7da0e38"
        value="voluptatibus"
      >
        voluptatibus
      </option>
      <option
        key="f7c2f9e0-4017-4191-9a41-b184dc63da23"
        value="reiciendis"
      >
        reiciendis
      </option>
      <option
        key="4de4826f-89e6-4a76-a82c-b1e93cd0c796"
        value="ut"
      >
        ut
      </option>
      <option
        key="ab480f31-3e36-405e-af4f-0200f1f9fdc2"
        value="eos"
      >
        eos
      </option>
      <option
        key="2188441e-f047-46de-87ce-15c4952acb62"
        value="commodi"
      >
        commodi
      </option>
      <option
        key="566cc8b5-7285-466a-9f60-ab2e295cb172"
        value="at"
      >
        at
      </option>
      <option
        key="ef90c5ac-c128-4519-bcd9-76e9c3eea9fa"
        value="impedit"
      >
        impedit
      </option>
    </StyledSelect>
  </styled.div>
</div>
`;

exports[`<DropDown> matches snapshot 8`] = `
<div
  className="ea quia sunt est aut et sunt"
>
  <styled.div>
    <StyledSelect
      id="cf69fb6f-7442-400b-8fbc-2aa7aec9b1b9"
      onChange={[MockFunction]}
      value="voluptatem"
    >
      <option
        key="895b7add-f31a-45b4-8ddb-17e123f20392"
        value="ipsa"
      >
        ipsa
      </option>
      <option
        key="df8338f4-3a48-4ec4-908f-df2d35039eef"
        value="odio"
      >
        odio
      </option>
      <option
        key="8e1325ca-3888-46da-9091-e8280c22511a"
        value="sit"
      >
        sit
      </option>
      <option
        key="78eb89c2-c725-4e36-981b-39e9c39d3794"
        value="laboriosam"
      >
        laboriosam
      </option>
      <option
        key="0675199e-2d9f-4c32-a899-7b9ceedcbb3a"
        value="quis"
      >
        quis
      </option>
      <option
        key="cb43b00d-aa8c-4196-8217-a5d7cdef8a2a"
        value="voluptatem"
      >
        voluptatem
      </option>
      <option
        key="44662cb4-b5bc-42c9-9814-eaa6badfdf30"
        value="quod"
      >
        quod
      </option>
    </StyledSelect>
  </styled.div>
</div>
`;

exports[`<DropDown> matches snapshot 9`] = `
<div>
  <styled.div>
    <StyledSelect
      id="38ee790e-d9de-4d29-835f-1a7ae53c8fe7"
      onChange={[MockFunction]}
    >
      <option
        key="f749f1bd-f654-4ac3-bde2-3e200afd8563"
        value="quia"
      >
        quia
      </option>
      <option
        key="c433a89c-52a0-4b28-8b61-115e263b8bf7"
        value="voluptate"
      >
        voluptate
      </option>
      <option
        key="5d1f7188-8f38-4ce1-a57f-de792d38455b"
        value="optio"
      >
        optio
      </option>
      <option
        key="e9954b19-e587-4155-a5ad-94377165c0c4"
        value="suscipit"
      >
        suscipit
      </option>
      <option
        key="30be6be3-6056-4ade-9e49-f0b3f5bcf03f"
        value="delectus"
      >
        delectus
      </option>
      <option
        key="0c50e498-289a-4617-b94a-43ce7ffc530a"
        value="aliquid"
      >
        aliquid
      </option>
      <option
        key="155abecd-ecc3-4b1c-bbee-cecee979e509"
        value="et"
      >
        et
      </option>
    </StyledSelect>
  </styled.div>
</div>
`;

exports[`<DropDown> matches snapshot 10`] = `
<div>
  <styled.div>
    <StyledSelect
      id="b53e8ee5-873a-4b54-b488-945ab7610b95"
      onChange={[MockFunction]}
      value="repellat"
    >
      <option
        key="5f876506-ab97-40f8-b932-d448da4f9d8d"
        value="asperiores"
      >
        asperiores
      </option>
      <option
        key="e64c867b-dc76-411c-9044-5dc8d8a2399c"
        value="amet"
      >
        amet
      </option>
      <option
        key="0c66633a-a6ee-4a4e-af5d-3c7968e72f6e"
        value="et"
      >
        et
      </option>
      <option
        key="488e19b3-bfce-4a2e-b3d0-f5ef9c3e08a4"
        value="quos"
      >
        quos
      </option>
      <option
        key="0a84232a-01ef-400f-b626-12a1f70e9feb"
        value="repellat"
      >
        repellat
      </option>
      <option
        key="ab8e934d-8996-4c3a-96d9-59423df81f23"
        value="distinctio"
      >
        distinctio
      </option>
      <option
        key="2034a866-69da-476f-bd03-03584b72a573"
        value="libero"
      >
        libero
      </option>
    </StyledSelect>
  </styled.div>
</div>
`;

exports[`<DropDown> matches snapshot 11`] = `
<div>
  <styled.div>
    <StyledSelect
      id="8bb502d6-e7cb-4d7b-97f4-b9c025e40d43"
      name="780c6179-b731-4e8f-ab41-5dfc89bbb55d"
      onChange={[MockFunction]}
    >
      <option
        key="72a380fa-2d47-4098-ade7-842c4a4b68ab"
        value="quisquam"
      >
        quisquam
      </option>
      <option
        key="049ca024-5ed4-4b68-bc39-1eeb6abaaab0"
        value="quia"
      >
        quia
      </option>
      <option
        key="603d5988-22c4-42b8-acfa-c4ee1c88bd10"
        value="blanditiis"
      >
        blanditiis
      </option>
      <option
        key="f0997fc5-f537-4f62-a885-8aa4f0de08ab"
        value="qui"
      >
        qui
      </option>
      <option
        key="2305cc3f-fe4c-4ffb-82f0-a2db9c2d1115"
        value="sed"
      >
        sed
      </option>
      <option
        key="542e596f-890f-4cb3-afba-f33d3e4940e7"
        value="a"
      >
        a
      </option>
      <option
        key="70325a66-b90a-457b-b502-964ac526aa08"
        value="dolores"
      >
        dolores
      </option>
    </StyledSelect>
  </styled.div>
</div>
`;

exports[`<DropDown> matches snapshot 12`] = `
<div
  className="repellendus quaerat similique autem doloribus et voluptatem"
>
  <styled.div>
    <StyledSelect
      id="66643f02-e4a5-472a-b0fa-909cdeb7d467"
      onChange={[MockFunction]}
      value="est"
    >
      <option
        key="6f80084c-e326-43d4-a20a-3b1c8fe63b39"
        value="et"
      >
        et
      </option>
      <option
        key="d926c4a6-bda8-4fb1-b998-b5ce4d77de91"
        value="aperiam"
      >
        aperiam
      </option>
      <option
        key="39b3e0cf-c9b6-47c7-afb6-e7bb8aaeffd1"
        value="quia"
      >
        quia
      </option>
      <option
        key="29c60984-fab1-4bc5-867f-8d30b3bf69dc"
        value="est"
      >
        est
      </option>
      <option
        key="8ec55750-a056-41a2-8eea-32da2c2f4b9c"
        value="et"
      >
        et
      </option>
      <option
        key="18bef0ce-245a-46c6-8ff4-58d76fc96d18"
        value="suscipit"
      >
        suscipit
      </option>
      <option
        key="a98c2ce5-1bda-4a7d-9a4a-bd18a3f94e60"
        value="ipsa"
      >
        ipsa
      </option>
    </StyledSelect>
  </styled.div>
</div>
`;

exports[`<DropDown> matches snapshot 13`] = `
<div>
  <Label
    htmlFor="6db8a202-4179-4f01-8642-da8cc8612e99"
  >
    dolore aut iste eos perspiciatis eius quod
    *
  </Label>
  <styled.div>
    <StyledSelect
      id="6db8a202-4179-4f01-8642-da8cc8612e99"
      onChange={[MockFunction]}
      value="aliquid"
    >
      <option
        key="1c25537b-a2f7-4496-b06b-4147616da3ca"
        value="assumenda"
      >
        assumenda
      </option>
      <option
        key="23b2a3fa-9daa-4f2e-b1f1-7e622e45d89b"
        value="nihil"
      >
        nihil
      </option>
      <option
        key="3051cc87-0701-4863-a808-7990f024480d"
        value="ad"
      >
        ad
      </option>
      <option
        key="3186d277-f78c-4992-a8a6-079224b26d33"
        value="ut"
      >
        ut
      </option>
      <option
        key="ac61a802-44c9-4483-ab97-193d9f2ecbbc"
        value="maxime"
      >
        maxime
      </option>
      <option
        key="d0ef297e-7f06-404a-b4a5-88a00c6913aa"
        value="aliquid"
      >
        aliquid
      </option>
      <option
        key="9aed0eb2-262d-40b1-a840-83da5cd8d35f"
        value="sint"
      >
        sint
      </option>
    </StyledSelect>
  </styled.div>
</div>
`;

exports[`<DropDown> matches snapshot 14`] = `
<div>
  <styled.div>
    <StyledSelect
      id="84f9398f-77b2-4214-a391-bf1cf8226b95"
      name="4f2bef25-d9a5-494d-9daa-2874f23ba253"
      onChange={[MockFunction]}
      value="sed"
    >
      <option
        key="abca5b24-876c-4382-b5e8-3b1d4340ce4b"
        value="est"
      >
        est
      </option>
      <option
        key="722be144-9812-4aeb-872b-5855090d3fc6"
        value="ab"
      >
        ab
      </option>
      <option
        key="34379a98-c4d3-4006-babb-f7a49b120bfc"
        value="quia"
      >
        quia
      </option>
      <option
        key="266fb359-8069-4e7f-8c80-2fa1ac923aa7"
        value="ab"
      >
        ab
      </option>
      <option
        key="ee4a2fce-84c6-4ce8-a38e-af7c49a00b3a"
        value="sed"
      >
        sed
      </option>
      <option
        key="f9fc8ece-886e-4d7e-8134-637a694bba84"
        value="voluptas"
      >
        voluptas
      </option>
      <option
        key="e9cfa1cc-88c1-43e2-8ac5-f1c4fb06fc59"
        value="ullam"
      >
        ullam
      </option>
    </StyledSelect>
  </styled.div>
</div>
`;

exports[`<DropDown> matches snapshot 15`] = `
<div>
  <styled.div>
    <StyledSelect
      id="864c8c1d-c22b-426a-8f9e-cb5ab25c7206"
      onChange={[MockFunction]}
    >
      <option
        key="ccbaf16c-3a6c-47aa-9095-2edcf558b772"
        value="iure"
      >
        iure
      </option>
      <option
        key="9b77b26e-e345-4384-bf3d-23fab097f6f0"
        value="iste"
      >
        iste
      </option>
      <option
        key="fc5c0916-8352-48e3-b17a-3e89acf8e8cb"
        value="aut"
      >
        aut
      </option>
      <option
        key="55063997-b011-4353-b8c1-ab1ca41a0e12"
        value="ab"
      >
        ab
      </option>
      <option
        key="a5ca7e7d-42e0-4d95-9b6b-ed2fac257ad8"
        value="laborum"
      >
        laborum
      </option>
      <option
        key="5a385b3a-55ec-4eca-af09-1d4c1a8cc26f"
        value="sint"
      >
        sint
      </option>
      <option
        key="4f59fffb-2329-4ec2-b1bf-deb4f37202bf"
        value="qui"
      >
        qui
      </option>
    </StyledSelect>
  </styled.div>
</div>
`;

exports[`<DropDown> matches snapshot 16`] = `
<div>
  <styled.div>
    <StyledSelect
      id="8cf4e7b3-7a31-4a8d-b3f5-0403dfe34aeb"
      name="74bbc9a7-c810-4b38-960f-6652aae84085"
      onChange={[MockFunction]}
      value="est"
    >
      <option
        key="1875ba47-4ed9-4a5d-8b5f-8f45c75df60c"
        value="laboriosam"
      >
        laboriosam
      </option>
      <option
        key="2db968be-e18c-41eb-bc3c-6e124bcac5c0"
        value="sed"
      >
        sed
      </option>
      <option
        key="13d0d98a-3030-4ee4-857b-96e984d23ea5"
        value="est"
      >
        est
      </option>
      <option
        key="f9903a14-5549-4208-ad9c-93dedda543e4"
        value="et"
      >
        et
      </option>
      <option
        key="0a08f418-e526-43c2-9469-6172f4c45b6f"
        value="sapiente"
      >
        sapiente
      </option>
      <option
        key="40176f18-0257-41ec-a1af-2dfa74b30a16"
        value="ipsa"
      >
        ipsa
      </option>
      <option
        key="d525f28f-3679-4ade-8f01-d179149e9e2e"
        value="aut"
      >
        aut
      </option>
    </StyledSelect>
  </styled.div>
</div>
`;

exports[`<DropDown> matches snapshot 17`] = `
<div>
  <styled.div>
    <StyledSelect
      id="b91869a7-5319-48c5-bc97-f0345cf64a08"
      name="2e9d2a1d-5a43-4630-a0e4-fd88335c6c3a"
      onChange={[MockFunction]}
    >
      <option
        key="1c9d9526-f9ed-440b-a3ba-b54dedc12410"
        value="fuga"
      >
        fuga
      </option>
      <option
        key="6314c4ce-0669-49c1-81c2-303f7fc6667a"
        value="adipisci"
      >
        adipisci
      </option>
      <option
        key="91e173a2-0dd3-423c-9c4b-98c4508754d1"
        value="saepe"
      >
        saepe
      </option>
      <option
        key="bad180fd-a034-4a12-a047-0b169e636781"
        value="quam"
      >
        quam
      </option>
      <option
        key="cbe4c616-1908-4baf-84e3-9d76a22859b8"
        value="quia"
      >
        quia
      </option>
      <option
        key="e50a1190-758e-4983-9bb3-27d3119a544a"
        value="veritatis"
      >
        veritatis
      </option>
      <option
        key="8bb0a57b-9c75-401f-a04a-1c3db0645ecd"
        value="qui"
      >
        qui
      </option>
    </StyledSelect>
  </styled.div>
</div>
`;

exports[`<DropDown> matches snapshot 18`] = `
<div>
  <styled.div>
    <StyledSelect
      id="0e71168e-9dfd-42ab-bc8d-33c406ccfa6f"
      onChange={[MockFunction]}
      value="quia"
    >
      <option
        key="b20f6b4c-8830-42c8-b41a-979c108e5b45"
        value="ducimus"
      >
        ducimus
      </option>
      <option
        key="8d495f4a-18e4-4ef0-81e9-e6613bda6a3e"
        value="est"
      >
        est
      </option>
      <option
        key="14b0c0cc-a1c1-47b9-a7dc-e2ac41c952ec"
        value="vel"
      >
        vel
      </option>
      <option
        key="7bdcdb72-b9b9-403f-8752-054418791c0b"
        value="quia"
      >
        quia
      </option>
      <option
        key="b8a72a22-d1d0-4c27-b103-26e1621d7b58"
        value="fugit"
      >
        fugit
      </option>
      <option
        key="6c35d27d-5994-4a87-9d5a-4a1ca9fc316c"
        value="totam"
      >
        totam
      </option>
      <option
        key="c2cea052-63d9-47c8-be16-6f182d08a398"
        value="quia"
      >
        quia
      </option>
    </StyledSelect>
  </styled.div>
</div>
`;

exports[`<DropDown> matches snapshot 19`] = `
<div>
  <styled.div>
    <StyledSelect
      id="61573e4d-83e1-4503-9d71-6d344bb55ebd"
      name="5d48ba9b-e8cb-4f9c-8d01-9dfea73f5ffe"
      onChange={[MockFunction]}
      value="consequatur"
    >
      <option
        key="c095a1ee-ea91-4398-b387-00d0484075bd"
        value="adipisci"
      >
        adipisci
      </option>
      <option
        key="0c77f7ec-f297-4ef6-ad73-cdca14763439"
        value="ab"
      >
        ab
      </option>
      <option
        key="3e661bd7-3ab8-4cea-b664-45ffbd37c12b"
        value="rerum"
      >
        rerum
      </option>
      <option
        key="83cd3f1d-401c-4c96-aa3a-7a13dcf47614"
        value="quos"
      >
        quos
      </option>
      <option
        key="3f1fc8b2-1a62-4d9c-a364-8c6ac510268d"
        value="consequatur"
      >
        consequatur
      </option>
      <option
        key="62b4c498-0583-4c96-b754-f723fb829c53"
        value="assumenda"
      >
        assumenda
      </option>
      <option
        key="61dd5eca-b4fb-424d-ac18-478cb51cafcd"
        value="odio"
      >
        odio
      </option>
    </StyledSelect>
  </styled.div>
</div>
`;

exports[`<DropDown> matches snapshot 20`] = `
<div
  className="sit illo consequatur itaque vero repellendus ex"
>
  <styled.div>
    <StyledSelect
      id="6505421c-88b2-4973-8f0f-c72505da862d"
      name="15a1f952-99a4-49dd-a946-10735336ccf8"
      onChange={[MockFunction]}
      value="velit"
    >
      <option
        key="84b81a41-66ed-4c8d-a3b3-a0dabc23a40e"
        value="nihil"
      >
        nihil
      </option>
      <option
        key="63e95185-e6a8-4c70-860d-977316035215"
        value="illum"
      >
        illum
      </option>
      <option
        key="bd46fcdc-58c2-4675-9096-f4a821461001"
        value="ut"
      >
        ut
      </option>
      <option
        key="5e351279-106b-487c-8b6f-3e93c97ebbe5"
        value="nobis"
      >
        nobis
      </option>
      <option
        key="34b6d3ed-fd11-4d3d-a5d9-17630acf79cd"
        value="velit"
      >
        velit
      </option>
      <option
        key="85f4fe6c-371c-4423-969d-bd95109bb2dc"
        value="velit"
      >
        velit
      </option>
      <option
        key="e0bfcbe9-972e-4e78-929f-2caa67a257f1"
        value="perspiciatis"
      >
        perspiciatis
      </option>
    </StyledSelect>
  </styled.div>
</div>
`;

exports[`<DropDown> matches snapshot 21`] = `
<div
  className="dolores dolore velit ipsum ratione expedita modi"
>
  <styled.div>
    <StyledSelect
      id="ee438c5d-7a89-40c8-8a28-a8c0d662fecd"
      name="073a00b2-654a-487d-8e61-b434a1b9e31e"
      onChange={[MockFunction]}
      value="quaerat"
    >
      <option
        key="568c3700-42d7-40c5-8ac7-756b8eae4f9d"
        value="voluptates"
      >
        voluptates
      </option>
      <option
        key="635efd4b-82f1-4a17-9c95-f6d7fc1aed41"
        value="similique"
      >
        similique
      </option>
      <option
        key="d585bc7d-7a66-4fd4-97b3-8c5823fdfc04"
        value="laboriosam"
      >
        laboriosam
      </option>
      <option
        key="59010b01-472a-4532-a90d-7049e33f8d53"
        value="molestiae"
      >
        molestiae
      </option>
      <option
        key="0a55a013-6cd1-4aeb-b0b0-f80a43d92bba"
        value="modi"
      >
        modi
      </option>
      <option
        key="c617f118-52af-4af6-a62a-e2cd896a5ad2"
        value="expedita"
      >
        expedita
      </option>
      <option
        key="e595e9b6-526d-4a06-81ad-9767a0ae380c"
        value="quaerat"
      >
        quaerat
      </option>
    </StyledSelect>
  </styled.div>
</div>
`;

exports[`<DropDown> matches snapshot 22`] = `
<div
  className="qui sint enim ratione cupiditate cumque suscipit"
>
  <styled.div>
    <StyledSelect
      id="3fa1d18b-e9bc-4524-9d5d-28e720b4eb57"
      name="0493c245-b16a-43b0-a23f-5725b46c8986"
      onChange={[MockFunction]}
      value="voluptatum"
    >
      <option
        key="ec8a5c3a-3ab2-4345-9c49-3595a375d390"
        value="aut"
      >
        aut
      </option>
      <option
        key="d13b6c3b-2b5f-49d2-be2a-7c7c88d1a69a"
        value="et"
      >
        et
      </option>
      <option
        key="d97ad687-c961-47aa-9076-9355e7e1f3b6"
        value="quis"
      >
        quis
      </option>
      <option
        key="8836ae48-49c8-424f-a239-0a5ae324c944"
        value="voluptatum"
      >
        voluptatum
      </option>
      <option
        key="2b818e94-b6bf-4793-987d-4ee6ca8b5df2"
        value="est"
      >
        est
      </option>
      <option
        key="420c888c-6a4f-4a4a-9443-dbd42211f172"
        value="eos"
      >
        eos
      </option>
      <option
        key="a00f128a-7fb9-4ab6-afff-c4a37c128fa3"
        value="vero"
      >
        vero
      </option>
    </StyledSelect>
  </styled.div>
</div>
`;

exports[`<DropDown> matches snapshot 23`] = `
<div
  className="minus et consequatur veritatis animi autem necessitatibus"
>
  <styled.div>
    <StyledSelect
      id="7d58fc3d-1e79-49f9-b880-2dd795eae94f"
      name="62ae4d44-45ab-424e-aafa-2b79693a5c2e"
      onChange={[MockFunction]}
      value="fugiat"
    >
      <option
        key="d8aa0b02-6544-4b24-9937-bfd323110f7e"
        value="explicabo"
      >
        explicabo
      </option>
      <option
        key="3baa80dc-c683-46d4-9ce7-fca50a988b47"
        value="iste"
      >
        iste
      </option>
      <option
        key="e3f7413a-1508-4e3e-a517-ba151ccbe0af"
        value="quia"
      >
        quia
      </option>
      <option
        key="a4e6ac23-db79-4d0d-b7b4-cdec1f1a5f37"
        value="fugiat"
      >
        fugiat
      </option>
      <option
        key="7446e8da-bf17-4f2d-b8fb-44c7e7059446"
        value="ducimus"
      >
        ducimus
      </option>
      <option
        key="f28280f3-a071-4c3c-ba45-41529bb66051"
        value="quia"
      >
        quia
      </option>
      <option
        key="ce88fa2e-b292-4e1e-b200-a01ae4d4c37c"
        value="sit"
      >
        sit
      </option>
    </StyledSelect>
  </styled.div>
</div>
`;

exports[`<DropDown> matches snapshot 24`] = `
<div
  className="reiciendis laborum enim molestias perferendis doloremque qui"
>
  <styled.div>
    <StyledSelect
      id="560c7208-468d-4ea0-be20-4658a9c9444e"
      onChange={[MockFunction]}
      value="praesentium"
    >
      <option
        key="4f0ce95e-ba1d-415a-b6be-d5122eef4f3a"
        value="praesentium"
      >
        praesentium
      </option>
      <option
        key="31493e43-3b74-43bd-8118-6c2b990c68de"
        value="quaerat"
      >
        quaerat
      </option>
      <option
        key="2565edfa-d005-4e19-bdfa-796261957b19"
        value="laborum"
      >
        laborum
      </option>
      <option
        key="ce898330-d72d-4889-8642-ce7b009db34e"
        value="fugit"
      >
        fugit
      </option>
      <option
        key="89cbcb6e-ae68-42e8-889b-09129058b700"
        value="est"
      >
        est
      </option>
      <option
        key="bbf512ae-d292-4a91-bb5d-6185c1266372"
        value="voluptatem"
      >
        voluptatem
      </option>
      <option
        key="c35770ec-866e-4831-9ea1-5847e0be5366"
        value="et"
      >
        et
      </option>
    </StyledSelect>
  </styled.div>
</div>
`;

exports[`<DropDown> matches snapshot 25`] = `
<div>
  <styled.div>
    <StyledSelect
      id="62f15fad-5cb3-4995-9956-bd745eed1cd2"
      onChange={[MockFunction]}
    >
      <option
        key="78ae7b35-75e8-40fb-aebf-e55fc7e19529"
        value="quam"
      >
        quam
      </option>
      <option
        key="d5ec86ae-260d-4bf1-a14c-ff1de5379bb7"
        value="nesciunt"
      >
        nesciunt
      </option>
      <option
        key="6a18aa30-7180-4e58-b64a-00a4c776d05d"
        value="quis"
      >
        quis
      </option>
      <option
        key="65dca568-a347-4966-9666-bdf1973205e8"
        value="enim"
      >
        enim
      </option>
      <option
        key="462d93c9-4bcf-4d10-ad24-8b405ee0999b"
        value="aut"
      >
        aut
      </option>
      <option
        key="0955990a-8ac9-46bd-8307-4c6dab61a6b6"
        value="recusandae"
      >
        recusandae
      </option>
      <option
        key="69ea188b-cb64-4c4b-b5e9-335e328ae5f8"
        value="doloremque"
      >
        doloremque
      </option>
    </StyledSelect>
  </styled.div>
</div>
`;

exports[`<DropDown> matches snapshot 26`] = `
<div>
  <Label
    htmlFor="e8065e20-c688-4f7a-baba-f10c9569651d"
  >
    debitis eos rerum doloribus voluptas aliquid optio
  </Label>
  <styled.div>
    <StyledSelect
      id="e8065e20-c688-4f7a-baba-f10c9569651d"
      name="f4999528-e143-4053-9bd4-b10a151b416c"
      onChange={[MockFunction]}
    >
      <option
        key="378952db-1a79-42cb-a0c9-370e7f97afff"
        value="neque"
      >
        neque
      </option>
      <option
        key="b562258c-7f29-4b98-9ccf-f4dcff88a74d"
        value="tempore"
      >
        tempore
      </option>
      <option
        key="eab40976-6d7a-4774-a9fd-277eb0d855fa"
        value="ipsa"
      >
        ipsa
      </option>
      <option
        key="3020fe54-934c-4958-b3b3-3e67aed273d6"
        value="perspiciatis"
      >
        perspiciatis
      </option>
      <option
        key="3cce30e1-fa99-49e1-a965-47b569278b1c"
        value="illo"
      >
        illo
      </option>
      <option
        key="04a510b6-3de1-4de0-9a70-f2a2100c0d21"
        value="laudantium"
      >
        laudantium
      </option>
      <option
        key="4e8db2be-8e8c-487c-9c2c-c44f9db26674"
        value="sed"
      >
        sed
      </option>
    </StyledSelect>
  </styled.div>
</div>
`;

exports[`<DropDown> matches snapshot 27`] = `
<div>
  <Label
    htmlFor="3a1e59ee-4a03-4fdd-90d3-07884844b68f"
  >
    mollitia tempore delectus eos sunt optio iusto
    *
  </Label>
  <styled.div>
    <StyledSelect
      id="3a1e59ee-4a03-4fdd-90d3-07884844b68f"
      name="cefa95b7-c451-4cf6-abcf-3a83a75e2046"
      onChange={[MockFunction]}
    >
      <option
        key="1cfdebd0-0f11-4fc5-8e98-c2a323cfcf85"
        value="dolores"
      >
        dolores
      </option>
      <option
        key="a1460226-be7f-4b3e-9bc5-2e547bda244c"
        value="aut"
      >
        aut
      </option>
      <option
        key="923cdf31-67cf-4a6b-9f1e-30a3cde14a29"
        value="dolor"
      >
        dolor
      </option>
      <option
        key="5ffddd88-2c59-488b-bb73-caa0bf5e6630"
        value="soluta"
      >
        soluta
      </option>
      <option
        key="c776835f-02fa-491f-ad5a-2f0643eb8c3b"
        value="aspernatur"
      >
        aspernatur
      </option>
      <option
        key="63fa705f-fbd9-4562-803b-d1258c1ba62f"
        value="beatae"
      >
        beatae
      </option>
      <option
        key="62f106e3-6835-45a6-8993-1b795350482b"
        value="qui"
      >
        qui
      </option>
    </StyledSelect>
  </styled.div>
</div>
`;

exports[`<DropDown> matches snapshot 28`] = `
<div
  className="quidem molestias repudiandae mollitia minus error placeat"
>
  <styled.div>
    <StyledSelect
      id="ca91d3fa-ee06-40f5-a38c-0050a617f31c"
      name="a5202c2d-4857-4b3c-aede-04b5ec714923"
      onChange={[MockFunction]}
    >
      <option
        key="1baa9355-d5ef-4098-8ebb-ccd9fe625475"
        value="libero"
      >
        libero
      </option>
      <option
        key="e42da51b-6c2a-4a66-a11a-b1643e9f4348"
        value="esse"
      >
        esse
      </option>
      <option
        key="7268e93f-9de2-4b66-b747-a4b09085b405"
        value="inventore"
      >
        inventore
      </option>
      <option
        key="80d0dcb1-019c-4a9c-a33e-c7e53d26d8b0"
        value="enim"
      >
        enim
      </option>
      <option
        key="067f6c8d-36e2-4988-ab00-67c50e17f247"
        value="necessitatibus"
      >
        necessitatibus
      </option>
      <option
        key="0fd67372-63b0-4c51-99ae-fce3ab6232c3"
        value="nihil"
      >
        nihil
      </option>
      <option
        key="0df920e1-598e-496e-bfd6-66c994e5992c"
        value="autem"
      >
        autem
      </option>
    </StyledSelect>
  </styled.div>
</div>
`;

exports[`<DropDown> matches snapshot 29`] = `
<div
  className="amet suscipit sed est corporis est quos"
>
  <styled.div>
    <StyledSelect
      id="60ac57a2-6635-4633-b776-2072fed0deab"
      name="762bfca6-954f-4da8-a403-e33c3ea72b22"
      onChange={[MockFunction]}
      value="accusantium"
    >
      <option
        key="c50de10d-390b-4475-8aed-263a65dd6154"
        value="perspiciatis"
      >
        perspiciatis
      </option>
      <option
        key="75cd6daf-647f-4589-bfc4-b16ba21af737"
        value="accusantium"
      >
        accusantium
      </option>
      <option
        key="7b5dc10d-b019-45ac-8c4c-34dcad24e72d"
        value="ducimus"
      >
        ducimus
      </option>
      <option
        key="461ecbee-2a2d-4910-8710-c6885f11db48"
        value="possimus"
      >
        possimus
      </option>
      <option
        key="e245e288-1f0c-45ab-a614-925631e08135"
        value="omnis"
      >
        omnis
      </option>
      <option
        key="6df87a84-5b2d-404f-ac2a-a7b236d040b6"
        value="accusamus"
      >
        accusamus
      </option>
      <option
        key="2d367d0a-7f0d-4605-9bb6-d13601acb392"
        value="dolorum"
      >
        dolorum
      </option>
    </StyledSelect>
  </styled.div>
</div>
`;

exports[`<DropDown> matches snapshot 30`] = `
<div>
  <styled.div>
    <StyledSelect
      id="bd3ff33d-72ae-461b-a7ec-199b1d77aff6"
      name="af5e0813-deba-42de-bf18-1ca66d0c46cb"
      onChange={[MockFunction]}
      value="assumenda"
    >
      <option
        key="b5e35167-6804-49c5-9475-816d03bbad1a"
        value="assumenda"
      >
        assumenda
      </option>
      <option
        key="2df01408-eac4-406f-831c-a94d7b25c373"
        value="rerum"
      >
        rerum
      </option>
      <option
        key="27472018-3985-4ef5-9881-74bd9b4119d7"
        value="officiis"
      >
        officiis
      </option>
      <option
        key="86f329fa-66fa-4072-ba3f-5b9616476a30"
        value="cumque"
      >
        cumque
      </option>
      <option
        key="6d63cdbc-7e94-4043-9cb7-6d952e3b2d7a"
        value="dolore"
      >
        dolore
      </option>
      <option
        key="172402ea-1c43-4fa7-aa4d-501aec1908cc"
        value="quidem"
      >
        quidem
      </option>
      <option
        key="c54572c0-32d1-4a3b-b7b8-d88f81d7bdc0"
        value="sunt"
      >
        sunt
      </option>
    </StyledSelect>
  </styled.div>
</div>
`;

exports[`<DropDown> matches snapshot 31`] = `
<div
  className="est facilis illum id debitis ut sint"
>
  <styled.div>
    <StyledSelect
      id="0cb84201-b118-455f-9938-447c203fbd6b"
      onChange={[MockFunction]}
    >
      <option
        key="a768e87c-4bdc-4277-bb2d-527e71d9f2d3"
        value="sunt"
      >
        sunt
      </option>
      <option
        key="1c8b8778-a757-467b-8b0e-8c8b59cc9314"
        value="porro"
      >
        porro
      </option>
      <option
        key="6ed4294a-040f-471b-937a-c796f94ebb4a"
        value="et"
      >
        et
      </option>
      <option
        key="14e3f834-1915-4871-858a-7772090f59af"
        value="sed"
      >
        sed
      </option>
      <option
        key="d52e374c-2913-4da8-8414-b67e1ea94c67"
        value="aut"
      >
        aut
      </option>
      <option
        key="55801395-fffd-4443-8af4-e3f1d7ed4a85"
        value="quia"
      >
        quia
      </option>
      <option
        key="6cb1dc45-7512-44a2-bd54-6d76cf504759"
        value="explicabo"
      >
        explicabo
      </option>
    </StyledSelect>
  </styled.div>
</div>
`;

exports[`<DropDown> matches snapshot 32`] = `
<div>
  <styled.div>
    <StyledSelect
      id="c69e7e7b-983b-410f-80b0-c68d60981224"
      onChange={[MockFunction]}
    >
      <option
        key="0cb515b4-4376-4d61-83c9-4e3875fc6a5c"
        value="fugiat"
      >
        fugiat
      </option>
      <option
        key="234ca51e-0e76-4056-bcbf-26ea9da3c035"
        value="vero"
      >
        vero
      </option>
      <option
        key="cf55e950-be66-4f21-8f69-bab8b37cfed9"
        value="corrupti"
      >
        corrupti
      </option>
      <option
        key="8502a97e-579e-40bd-87af-3221dba89dcc"
        value="nihil"
      >
        nihil
      </option>
      <option
        key="d0d7fa7c-1224-4504-8501-883c035f60d6"
        value="est"
      >
        est
      </option>
      <option
        key="78214eca-2a70-42dc-98a6-e74e020cfb3b"
        value="maxime"
      >
        maxime
      </option>
      <option
        key="52bf4e70-0a53-4493-a228-614f20b43ec3"
        value="vitae"
      >
        vitae
      </option>
    </StyledSelect>
  </styled.div>
</div>
`;
