// Jest Snapshot v1, https://goo.gl/fbAQLP

exports[`<List /> matches snapshot 1`] = `
<div>
  <h5>
    fugiat error molestiae laborum est possimus assumenda
  </h5>
  <ul>
    <li
      id="2e090492-ed03-4e80-ad9d-91098deec818"
      key="2e090492-ed03-4e80-ad9d-91098deec818"
    >
      <Styled(LinkComponent)
        href="http://www.Luigi.ca/"
      >
        Vitae occaecati officia iure nisi ut. Recusandae fuga reprehenderit soluta non omnis consequatur enim quia autem. Modi tenetur amet modi reprehenderit omnis adipisci eius laborum.
      </Styled(LinkComponent)>
    </li>
    <li
      id="1116bcd2-76da-4805-ab01-1e05cef4042c"
      key="1116bcd2-76da-4805-ab01-1e05cef4042c"
    >
      <Styled(LinkComponent)
        href="http://www.Mitchell.ca/"
      >
        Laudantium molestias assumenda quasi adipisci mollitia iste itaque omnis debitis. Similique temporibus aliquam sed sapiente soluta. Commodi eaque nisi cum ducimus. Doloremque maiores esse atque et. Explicabo dolores ipsam laboriosam non itaque voluptas ea ducimus autem.
      </Styled(LinkComponent)>
    </li>
    <li
      id="b072edb7-270b-4b8c-a79c-a27b1588f4a5"
      key="b072edb7-270b-4b8c-a79c-a27b1588f4a5"
    >
      <Styled(LinkComponent)
        href="http://Schulist.io/"
      >
        Et doloremque voluptate in sunt. Nulla aut sunt est rerum at sint. Fugiat quis et voluptas. Et vero repellat eveniet assumenda quis quae. Sapiente nostrum aut corrupti sed consectetur.
      </Styled(LinkComponent)>
    </li>
    <li
      id="0cafa1cf-5cc8-4df5-a67b-8b1bb9cf94aa"
      key="0cafa1cf-5cc8-4df5-a67b-8b1bb9cf94aa"
    >
      <Styled(LinkComponent)
        href="http://www.Rosenbaum.biz/"
      >
        Animi in ut occaecati. Odit tempora at modi occaecati illum laborum quos eum. Sit saepe assumenda deserunt consequatur itaque. In fugit in rerum libero odit aut labore qui. Inventore aut eveniet beatae incidunt ut ducimus fugiat et.
      </Styled(LinkComponent)>
    </li>
    <li
      id="d9854ae4-78f9-4abf-a796-e71629322521"
      key="d9854ae4-78f9-4abf-a796-e71629322521"
    >
      <Styled(LinkComponent)
        href="http://Dietrich.biz/"
      >
        Et qui sunt nesciunt provident eaque atque. Rerum nobis nam dolor quas repellendus. Dolores totam animi ipsum occaecati et consequatur. Sunt molestiae cupiditate autem. Consequatur accusantium molestiae. Sint et ipsa consequuntur quidem dolorem quia consequatur omnis ab.
      </Styled(LinkComponent)>
    </li>
    <li
      id="8106485b-5a3d-4fc8-81a8-4a821132af03"
      key="8106485b-5a3d-4fc8-81a8-4a821132af03"
    >
      <Styled(LinkComponent)
        href="http://Bogisich.name/"
      >
        Eum repudiandae minima temporibus ducimus quia assumenda. Neque saepe est labore sed rerum nesciunt. Rem repellendus nihil repudiandae aliquid ex architecto ut corrupti. Quia dolores dolor voluptates sequi. Nostrum aliquid ea.
      </Styled(LinkComponent)>
    </li>
    <li
      id="8477f3c1-a3a1-4d0c-ab4e-1c1e361bb367"
      key="8477f3c1-a3a1-4d0c-ab4e-1c1e361bb367"
    >
      <Styled(LinkComponent)
        href="http://www.Cleveland.co.uk/"
      >
        Quam consequatur ipsam sed. Excepturi saepe autem quis molestiae et dicta odit. Quisquam qui harum a aut esse unde ea voluptatem. Occaecati eveniet aut eligendi iusto sed. Voluptates odio rem saepe iure quia culpa suscipit totam. Necessitatibus quis ratione eveniet ea totam aut aut.
      </Styled(LinkComponent)>
    </li>
    <li
      id="162ec767-d092-42d6-94e8-9b086bbcd03b"
      key="162ec767-d092-42d6-94e8-9b086bbcd03b"
    >
      <Styled(LinkComponent)
        href="http://www.Annamarie.com/"
      >
        Molestiae rerum non quis sed. Qui minima laboriosam tempore voluptatibus reiciendis. Eos commodi at impedit sint.
      </Styled(LinkComponent)>
    </li>
    <li
      id="2cd632bb-a807-4254-8bac-a7ec3d2fc86f"
      key="2cd632bb-a807-4254-8bac-a7ec3d2fc86f"
    >
      <Styled(LinkComponent)
        href="http://www.Jeremie.tv/"
      >
        Nam laborum molestiae aut. Quasi distinctio reiciendis perspiciatis ut illo. Rerum accusamus molestiae quia est. Commodi perspiciatis quas et quos esse. Vitae delectus molestias ut. Molestias placeat exercitationem unde minus facere iste sunt.
      </Styled(LinkComponent)>
    </li>
    <li
      id="25aacc57-9bfe-43d6-959b-da9a8c276289"
      key="25aacc57-9bfe-43d6-959b-da9a8c276289"
    >
      <Styled(LinkComponent)
        href="http://Alycia.biz/"
      >
        Officiis et placeat ipsum assumenda officia. Id possimus quas dolor error eum incidunt provident deleniti. Velit ad voluptatibus omnis. Labore quia et beatae. Voluptatum id porro ea.
      </Styled(LinkComponent)>
    </li>
    <li
      id="39035f0a-6ae5-43c8-be7d-a13ce6e8500b"
      key="39035f0a-6ae5-43c8-be7d-a13ce6e8500b"
    >
      <Styled(LinkComponent)
        href="http://www.Hauck.org/"
      >
        Optio suscipit delectus aliquid et dicta. Qui provident rerum necessitatibus blanditiis. Accusantium debitis aut laborum at non nulla.
      </Styled(LinkComponent)>
    </li>
    <li
      id="9f2d7faa-8aa5-43e8-be59-63ab54f48884"
      key="9f2d7faa-8aa5-43e8-be59-63ab54f48884"
    >
      <Styled(LinkComponent)
        href="http://www.Littel.co.uk/"
      >
        Eos quia quam sit optio rerum quasi occaecati. Soluta hic omnis atque inventore. Sint eligendi quis excepturi. Occaecati odit in. Sunt ipsum saepe veritatis quisquam eius dolore quia error.
      </Styled(LinkComponent)>
    </li>
    <li
      id="08babf7d-456c-4e17-8460-905c773cff13"
      key="08babf7d-456c-4e17-8460-905c773cff13"
    >
      <Styled(LinkComponent)
        href="http://www.Prohaska.info/"
      >
        Ab minus animi quis. Animi aut sapiente fuga unde aliquam et. Dolorem possimus accusantium enim est aspernatur voluptatem consequatur temporibus. Numquam ut et.
      </Styled(LinkComponent)>
    </li>
    <li
      id="5c04680c-7179-4a73-8e8f-bb414dfc89bb"
      key="5c04680c-7179-4a73-8e8f-bb414dfc89bb"
    >
      <Styled(LinkComponent)
        href="http://Jacquelyn.biz/"
      >
        Dolores voluptatem qui dolores eaque quis omnis ut praesentium vel. Quo fugiat et ut voluptate delectus officia maiores cumque consequuntur. Aspernatur nulla aut omnis blanditiis accusamus ut odit quo.
      </Styled(LinkComponent)>
    </li>
    <li
      id="5a572ac0-ea80-49cd-bb7d-567cee5c50a8"
      key="5a572ac0-ea80-49cd-bb7d-567cee5c50a8"
    >
      <Styled(LinkComponent)
        href="http://Erwin.biz/"
      >
        Doloribus aut maiores laborum soluta rerum atque velit voluptatem. Quia accusantium autem consequuntur qui repellat laudantium et qui et. Quia est et. Ipsa et id qui ea. Quaerat labore rerum aut voluptatem delectus.
      </Styled(LinkComponent)>
    </li>
    <li
      id="caec648b-48ce-47db-aa20-35179f011642"
      key="caec648b-48ce-47db-aa20-35179f011642"
    >
      <Styled(LinkComponent)
        href="http://www.Prohaska.name/"
      >
        Eius veritatis voluptates suscipit reiciendis in. Et error tempore aspernatur soluta. Voluptas sed esse rem sed repellendus quaerat similique. Doloribus et voluptatem id quisquam aspernatur quis consequatur eos. Similique et facere.
      </Styled(LinkComponent)>
    </li>
    <li
      id="45ed584a-33d3-4082-a3bf-4aa0501d4989"
      key="45ed584a-33d3-4082-a3bf-4aa0501d4989"
    >
      <Styled(LinkComponent)
        href="http://Labadie.org/"
      >
        Velit odit ratione saepe id officia pariatur. Tenetur consequatur ut consequatur fugit libero quas in ullam. Minima consequatur eligendi excepturi fugit beatae ut ea rerum nobis. Nihil sint occaecati. Autem iste nesciunt doloribus reprehenderit.
      </Styled(LinkComponent)>
    </li>
    <li
      id="ba3874f2-2ba2-453d-b453-3307928d280a"
      key="ba3874f2-2ba2-453d-b453-3307928d280a"
    >
      <Styled(LinkComponent)
        href="http://www.Monahan.us/"
      >
        Reiciendis iure laudantium est dolorem ratione sed. Provident ut qui odit nam. Et facere voluptatibus quas consequuntur dolores nihil eligendi sunt aliquid. Aliquid reiciendis dolorem porro voluptates ut amet ea repellendus. Est quis est veniam eum laudantium accusamus.
      </Styled(LinkComponent)>
    </li>
    <li
      id="8a1d8854-c9f3-4b2d-ba97-575b0eef999a"
      key="8a1d8854-c9f3-4b2d-ba97-575b0eef999a"
    >
      <Styled(LinkComponent)
        href="http://www.Heaney.tv/"
      >
        Aut ab laborum sint qui id ipsa. Est magni ea laudantium hic quo corporis. Cupiditate dolor voluptatibus officiis voluptatem. Aut voluptas suscipit sit et.
      </Styled(LinkComponent)>
    </li>
    <li
      id="5d7053be-e0e4-4ea2-b799-0562acbf4845"
      key="5d7053be-e0e4-4ea2-b799-0562acbf4845"
    >
      <Styled(LinkComponent)
        href="http://Ruecker.us/"
      >
        Voluptatem iusto tempore voluptas tempore accusamus. Eligendi et aperiam quia. Ex magni ullam ullam doloremque quidem vel. Ab incidunt velit.
      </Styled(LinkComponent)>
    </li>
    <li
      id="460f7652-bae8-4408-9f84-4a9bd6105457"
      key="460f7652-bae8-4408-9f84-4a9bd6105457"
    >
      <Styled(LinkComponent)
        href="http://www.Kaylin.name/"
      >
        Molestias deserunt quo impedit sint similique quos. Nihil voluptatem est impedit assumenda qui. Quos eos iste aut inventore optio tempora excepturi.
      </Styled(LinkComponent)>
    </li>
    <li
      id="f9d2a1d4-b436-430a-8e4e-c88335c6c3a8"
      key="f9d2a1d4-b436-430a-8e4e-c88335c6c3a8"
    >
      <Styled(LinkComponent)
        href="http://Brandyn.name/"
      >
        Fuga adipisci saepe quam quia veritatis qui. Autem et dolorum explicabo provident molestiae qui est. Corporis sed aut est molestias omnis. Vel omnis qui qui necessitatibus. Tempora voluptatem autem. Delectus iure veniam est consequatur ut et numquam.
      </Styled(LinkComponent)>
    </li>
  </ul>
</div>
`;

exports[`<List /> matches snapshot 2`] = `
<div>
  <h5>
    culpa provident voluptatem sit id in tenetur
  </h5>
  <ul>
    <li
      id="dcfa6f80-ba5c-4303-a519-63dc77c691f5"
      key="dcfa6f80-ba5c-4303-a519-63dc77c691f5"
    >
      <Styled(LinkComponent)
        href="http://www.Polly.ca/"
      >
        Vel quia fugit totam quia esse quod aut. Rem sunt aut quam provident voluptates perspiciatis nulla maiores pariatur. Harum maxime a repellendus. Vero dolores incidunt est nostrum quae et.
      </Styled(LinkComponent)>
    </li>
    <li
      id="ffba5b40-8418-46c0-a734-c48ba9bf8cbf"
      key="ffba5b40-8418-46c0-a734-c48ba9bf8cbf"
    >
      <Styled(LinkComponent)
        href="http://Brice.tv/"
      >
        Eligendi dicta sit cum voluptatem dolor delectus. Reprehenderit deleniti nihil ex maiores nihil quisquam. Omnis sint voluptatum cupiditate quo sit adipisci. Rerum quos consequatur. Odio id id repellat maiores iure fuga sit. Officiis exercitationem ut expedita quos nam labore aliquid.
      </Styled(LinkComponent)>
    </li>
    <li
      id="745f58a6-47ae-412f-9d4a-2689879cc5b8"
      key="745f58a6-47ae-412f-9d4a-2689879cc5b8"
    >
      <Styled(LinkComponent)
        href="http://Dickens.biz/"
      >
        Iste quo earum et. Rem adipisci ut nisi a delectus eveniet qui. Sed vel blanditiis aut.
      </Styled(LinkComponent)>
    </li>
    <li
      id="98200fdc-4bc9-4df9-9510-c4ee95e3a4de"
      key="98200fdc-4bc9-4df9-9510-c4ee95e3a4de"
    >
      <Styled(LinkComponent)
        href="http://www.Alan.tv/"
      >
        Quo sed aut dolore labore vitae aperiam voluptas. Cumque cupiditate quod et dolorem possimus quasi accusantium. Voluptatem perferendis commodi harum et. Mollitia quis dolor non id cum enim mollitia voluptas accusamus. Dolorum quis esse aut eaque dignissimos incidunt. Non ut molestiae repellendus quibusdam delectus.
      </Styled(LinkComponent)>
    </li>
    <li
      id="44a87d2e-71a4-434a-8b9e-21e923322a38"
      key="44a87d2e-71a4-434a-8b9e-21e923322a38"
    >
      <Styled(LinkComponent)
        href="http://Graham.net/"
      >
        Sit pariatur quam et excepturi laborum sit aut. Explicabo expedita eos ut id unde est. Et molestiae velit. Sapiente et voluptas at. Aspernatur qui et nam eaque sit porro dolor corrupti.
      </Styled(LinkComponent)>
    </li>
    <li
      id="3412f7ee-a03d-4096-8014-58b6e861493c"
      key="3412f7ee-a03d-4096-8014-58b6e861493c"
    >
      <Styled(LinkComponent)
        href="http://www.Caleb.tv/"
      >
        Similique voluptatum minima sunt deserunt sit. Et quis voluptatum est. Vero odio rerum voluptas veniam ea veniam optio magnam.
      </Styled(LinkComponent)>
    </li>
    <li
      id="ae428b59-9b51-42df-a0d2-4181d7506c6a"
      key="ae428b59-9b51-42df-a0d2-4181d7506c6a"
    >
      <Styled(LinkComponent)
        href="http://www.Eulalia.io/"
      >
        Soluta eius placeat ab maxime dolor. Tenetur enim praesentium voluptatem ipsam. Voluptatem molestiae temporibus non dolorum natus reprehenderit facere.
      </Styled(LinkComponent)>
    </li>
    <li
      id="672ae4d4-555a-4b24-baaf-b3b79693a5c2"
      key="672ae4d4-555a-4b24-baaf-b3b79693a5c2"
    >
      <Styled(LinkComponent)
        href="http://Jerod.ca/"
      >
        Voluptas officia voluptatem qui nihil mollitia suscipit. Aut velit dignissimos tempore aliquam eveniet aut ut. Sunt sed totam corporis error quae.
      </Styled(LinkComponent)>
    </li>
    <li
      id="81c5a0a2-950f-4a7a-a5c8-0c7aa34d8db8"
      key="81c5a0a2-950f-4a7a-a5c8-0c7aa34d8db8"
    >
      <Styled(LinkComponent)
        href="http://Rice.biz/"
      >
        Animi autem necessitatibus. Ut ducimus nostrum nemo adipisci dolores quasi. Modi quibusdam odit tempore praesentium quaerat.
      </Styled(LinkComponent)>
    </li>
    <li
      id="6f85e695-d7af-4306-844e-f04072f15fad"
      key="6f85e695-d7af-4306-844e-f04072f15fad"
    >
      <Styled(LinkComponent)
        href="http://Lavern.org/"
      >
        Ea aliquam hic explicabo tempore ipsa. Hic consequuntur ut deleniti ad quaerat explicabo. Neque ipsum vero hic id non non eum accusamus. Totam impedit enim doloremque est nulla. Id corporis reiciendis laborum enim molestias perferendis doloremque.
      </Styled(LinkComponent)>
    </li>
  </ul>
</div>
`;

exports[`<List /> matches snapshot 3`] = `
<div>
  <h5>
    laborum quia nihil facilis eum blanditiis ut
  </h5>
  <ul>
    <li
      id="e669f595-003b-4537-b419-77a2a0807371"
      key="e669f595-003b-4537-b419-77a2a0807371"
    >
      <Styled(LinkComponent)
        href="http://Schumm.com/"
      >
        Dolorem natus et quisquam aut rem corporis praesentium unde. Rerum voluptatum quaerat nulla aperiam aut blanditiis. Molestias beatae ea sed perferendis. Sed voluptatem aliquam. Odit et est laudantium.
      </Styled(LinkComponent)>
    </li>
    <li
      id="428f1430-436b-4d4a-80a1-41b416cec065"
      key="428f1430-436b-4d4a-80a1-41b416cec065"
    >
      <Styled(LinkComponent)
        href="http://www.Osvaldo.net/"
      >
        Magnam voluptatem fuga est et. Tempora est aliquid iure velit officia in excepturi. Eveniet non necessitatibus blanditiis atque beatae voluptatibus. Nobis facilis consequatur molestiae voluptatem id id laborum.
      </Styled(LinkComponent)>
    </li>
    <li
      id="f5a03fdd-70d3-4178-a484-5b68f8defa95"
      key="f5a03fdd-70d3-4178-a484-5b68f8defa95"
    >
      <Styled(LinkComponent)
        href="http://www.Hermiston.biz/"
      >
        Debitis eos rerum doloribus voluptas aliquid optio impedit. Aut dolores aut dolor soluta aspernatur beatae qui. Et voluptatem tempore architecto molestiae suscipit mollitia et.
      </Styled(LinkComponent)>
    </li>
    <li
      id="2b35d9af-39b6-4c09-a604-fbcc0da91d3f"
      key="2b35d9af-39b6-4c09-a604-fbcc0da91d3f"
    >
      <Styled(LinkComponent)
        href="http://Rosalee.net/"
      >
        Repellendus doloribus iusto sint. Quibusdam rerum voluptatem facilis molestias magnam est voluptatum. Et sequi sit corporis nihil dolorum. Tenetur est voluptas dolorum.
      </Styled(LinkComponent)>
    </li>
    <li
      id="4202c2d5-957b-43c9-bde1-5b5ec7149238"
      key="4202c2d5-957b-43c9-bde1-5b5ec7149238"
    >
      <Styled(LinkComponent)
        href="http://Veum.com/"
      >
        Doloribus nisi tempore. Omnis et et quae ut. Expedita reprehenderit explicabo. Maiores velit aut repellendus animi maxime.
      </Styled(LinkComponent)>
    </li>
    <li
      id="2e776307-3fed-40de-abd6-72bfca6854fd"
      key="2e776307-3fed-40de-abd6-72bfca6854fd"
    >
      <Styled(LinkComponent)
        href="http://Volkman.name/"
      >
        Placeat optio non sit et quae nostrum. Odit vel voluptates incidunt consequuntur quia perspiciatis. Ducimus possimus omnis. Dolorum quia ut quos ipsa cum et sit totam. Amet voluptatum qui et nisi reprehenderit numquam.
      </Styled(LinkComponent)>
    </li>
    <li
      id="ecadeb7d-33cf-4eb3-a11d-e60c9d1f9621"
      key="ecadeb7d-33cf-4eb3-a11d-e60c9d1f9621"
    >
      <Styled(LinkComponent)
        href="http://Kunze.ca/"
      >
        Delectus ut labore facere eius. Est dolores magni est magni dolor et amet suscipit. Est corporis est quos nulla iste deleniti.
      </Styled(LinkComponent)>
    </li>
    <li
      id="deba2dec-e180-4ca6-9d0c-56cbcfe79686"
      key="deba2dec-e180-4ca6-9d0c-56cbcfe79686"
    >
      <Styled(LinkComponent)
        href="http://Padberg.biz/"
      >
        Labore quod aut sint autem possimus similique ut dolor. Tenetur ratione et adipisci maxime doloribus suscipit molestiae. Perspiciatis aut sed.
      </Styled(LinkComponent)>
    </li>
    <li
      id="6938547c-303f-4bd6-aa3d-25a4b04c29d2"
      key="6938547c-303f-4bd6-aa3d-25a4b04c29d2"
    >
      <Styled(LinkComponent)
        href="http://www.Considine.us/"
      >
        Nobis molestias doloremque quae ad sit nemo sunt. Et sed aut quia explicabo pariatur ad beatae. Porro iste ad ipsum aperiam odit libero sunt. Provident suscipit commodi delectus.
      </Styled(LinkComponent)>
    </li>
  </ul>
</div>
`;

exports[`<List /> matches snapshot 4`] = `
<div
  className="eaque porro aperiam quo adipisci et eos"
>
  <h5>
    aperiam delectus veritatis voluptatum labore nostrum eum
  </h5>
  <ul>
    <li
      id="1b0d68d6-1981-4224-b390-3fad7a0495af"
      key="1b0d68d6-1981-4224-b390-3fad7a0495af"
    >
      <Styled(LinkComponent)
        href="http://Lenny.io/"
      >
        Debitis ut sint non pariatur accusamus nihil beatae. Fuga placeat odio est quos voluptates in. Vero corrupti nihil est maxime vitae perspiciatis laboriosam pariatur. Est sint deleniti rerum atque optio. Iste ut est dicta consequatur reiciendis quia.
      </Styled(LinkComponent)>
    </li>
    <li
      id="a05d7b36-06fc-40bb-87e8-055066af4cfb"
      key="a05d7b36-06fc-40bb-87e8-055066af4cfb"
    >
      <Styled(LinkComponent)
        href="http://Talia.biz/"
      >
        Iure dolor reiciendis debitis quisquam rerum aliquid. Ipsam et aliquam corrupti amet sunt maxime. Ex velit vitae amet vel.
      </Styled(LinkComponent)>
    </li>
    <li
      id="84bd6773-3788-4bfb-a0c6-44ca3f11f3ff"
      key="84bd6773-3788-4bfb-a0c6-44ca3f11f3ff"
    >
      <Styled(LinkComponent)
        href="http://www.Monique.ca/"
      >
        Quis amet sint. Et quo blanditiis doloremque iste non harum voluptatem quia perspiciatis. Quaerat aliquam fuga consequatur est omnis.
      </Styled(LinkComponent)>
    </li>
    <li
      id="fb8cc9b9-2c9c-4a1c-9a38-0e5a68ce5e09"
      key="fb8cc9b9-2c9c-4a1c-9a38-0e5a68ce5e09"
    >
      <Styled(LinkComponent)
        href="http://www.Russell.us/"
      >
        Officia ut qui excepturi dolor voluptatum consequatur temporibus. At ex neque aliquid harum cumque et. Neque mollitia et possimus recusandae optio.
      </Styled(LinkComponent)>
    </li>
    <li
      id="955014c3-be4e-4951-8639-307eed507130"
      key="955014c3-be4e-4951-8639-307eed507130"
    >
      <Styled(LinkComponent)
        href="http://Collin.ca/"
      >
        Sunt vel aut aut nihil voluptatibus earum quae quia. Soluta ut qui ipsam quam possimus excepturi. Magni voluptatem et aspernatur voluptas dolorem eos praesentium numquam. Asperiores ducimus harum ducimus. Quos omnis ratione voluptatum eveniet qui expedita quam.
      </Styled(LinkComponent)>
    </li>
    <li
      id="8f78ddec-b822-4537-af0b-2c4e3a0f253c"
      key="8f78ddec-b822-4537-af0b-2c4e3a0f253c"
    >
      <Styled(LinkComponent)
        href="http://www.Kyleigh.com/"
      >
        Sit dolorem voluptatem provident fugit mollitia earum animi perferendis qui. Velit unde consequatur quidem a nemo quas ratione et. Labore et dolores fugiat impedit dolorem quo. Saepe alias molestias quo ut qui amet mollitia exercitationem. Consequatur ea quibusdam et et non sint excepturi quaerat quas.
      </Styled(LinkComponent)>
    </li>
  </ul>
</div>
`;

exports[`<List /> matches snapshot 5`] = `
<div
  className="tempora fuga et est facilis cum nobis"
>
  <h5>
    nemo cumque quasi similique libero tempore animi
  </h5>
  <ul>
    <li
      id="4dc00648-e986-454e-8243-9d24e649c15f"
      key="4dc00648-e986-454e-8243-9d24e649c15f"
    >
      <Styled(LinkComponent)
        href="http://Hilbert.net/"
      >
        Illum qui eum qui. Sequi eveniet quis magnam nulla. Incidunt dolores vero velit voluptatem odit suscipit. Et qui molestiae eius qui et necessitatibus.
      </Styled(LinkComponent)>
    </li>
    <li
      id="f6351037-7c89-4e6d-b90e-dc590b5bd6aa"
      key="f6351037-7c89-4e6d-b90e-dc590b5bd6aa"
    >
      <Styled(LinkComponent)
        href="http://www.Isabell.info/"
      >
        Et possimus facilis dignissimos commodi harum. Occaecati quam enim eius nam distinctio eos molestiae occaecati commodi. Placeat tenetur inventore fuga voluptas reiciendis neque aspernatur. Quaerat ducimus animi minus aut qui et. Omnis fugiat illum id nostrum temporibus.
      </Styled(LinkComponent)>
    </li>
    <li
      id="31843037-0aca-4e8c-84d6-c4d42c164ee9"
      key="31843037-0aca-4e8c-84d6-c4d42c164ee9"
    >
      <Styled(LinkComponent)
        href="http://Lydia.biz/"
      >
        Ut aut corporis at provident. Vitae ut excepturi vero maxime aut mollitia consectetur. Sit perspiciatis amet possimus nemo et in. Illo deleniti adipisci.
      </Styled(LinkComponent)>
    </li>
    <li
      id="14b4e0d5-2be4-4965-89c5-2342b617c9a8"
      key="14b4e0d5-2be4-4965-89c5-2342b617c9a8"
    >
      <Styled(LinkComponent)
        href="http://www.Noemi.info/"
      >
        Praesentium temporibus corporis quasi voluptas voluptas ullam labore quo. Consectetur laudantium quaerat nemo earum. Minus voluptates et modi. Id quaerat ut similique dolorum aperiam. Adipisci nemo alias beatae. Nisi rerum molestias nulla non exercitationem consequatur neque odit.
      </Styled(LinkComponent)>
    </li>
    <li
      id="4394effe-dbe3-43a4-9601-5d43075aed50"
      key="4394effe-dbe3-43a4-9601-5d43075aed50"
    >
      <Styled(LinkComponent)
        href="http://www.Cole.net/"
      >
        Cum aliquid atque aut sit aut. Ullam repudiandae neque enim rerum consequatur exercitationem. Unde libero dolorum at consequatur eos. At consequatur quia beatae nesciunt laudantium aut fugit. Officiis consequatur ut nihil fugit.
      </Styled(LinkComponent)>
    </li>
    <li
      id="d408ec10-d675-4a8b-afc0-6066af54deb3"
      key="d408ec10-d675-4a8b-afc0-6066af54deb3"
    >
      <Styled(LinkComponent)
        href="http://www.Buster.io/"
      >
        Aspernatur quis eaque nihil est tempora optio vel cumque. Doloremque quidem voluptates tempora maiores tempora officia. Totam rerum ut occaecati dolore sed saepe. Consequatur aut harum corrupti eos dolorem sunt.
      </Styled(LinkComponent)>
    </li>
    <li
      id="580c14a1-96ac-495a-8db2-7e877767a695"
      key="580c14a1-96ac-495a-8db2-7e877767a695"
    >
      <Styled(LinkComponent)
        href="http://www.Aniyah.org/"
      >
        Quis ratione amet aut porro. Voluptas ut est non illo quibusdam excepturi. Consequuntur neque minus accusantium quia. Modi cum porro quasi nihil a. Iusto nemo non debitis aperiam architecto quos et quia non. Laboriosam quia et exercitationem enim.
      </Styled(LinkComponent)>
    </li>
    <li
      id="9e37e78b-4840-4ff2-ab06-ad1fade0a1dd"
      key="9e37e78b-4840-4ff2-ab06-ad1fade0a1dd"
    >
      <Styled(LinkComponent)
        href="http://Deon.tv/"
      >
        Pariatur quas esse qui sed quae debitis nesciunt officiis. Necessitatibus libero repellendus libero enim. Natus quas sed ea excepturi laboriosam culpa dicta. Error tempore laborum rem. Nobis ab atque alias aperiam quaerat ducimus tenetur accusantium.
      </Styled(LinkComponent)>
    </li>
    <li
      id="937877cd-4bc8-492f-b910-71eb6e8e8860"
      key="937877cd-4bc8-492f-b910-71eb6e8e8860"
    >
      <Styled(LinkComponent)
        href="http://Terrill.name/"
      >
        Doloribus iure placeat vel officiis eveniet officia omnis non sint. Laborum molestiae maiores mollitia rerum quia laudantium possimus. Ut ut saepe. Consequatur sit ullam voluptas qui optio temporibus nemo. Eius fugit et vitae ipsum voluptas consequatur in eius.
      </Styled(LinkComponent)>
    </li>
    <li
      id="c13b20e4-df3a-4b26-9768-5fdd7f2b5dbf"
      key="c13b20e4-df3a-4b26-9768-5fdd7f2b5dbf"
    >
      <Styled(LinkComponent)
        href="http://www.Casey.us/"
      >
        Cupiditate eius aut ipsam quaerat inventore. Mollitia quia aspernatur. Mollitia beatae cupiditate possimus fugiat possimus distinctio accusamus quaerat perferendis.
      </Styled(LinkComponent)>
    </li>
    <li
      id="9e030ba5-2809-4e17-9460-b89bed9c3818"
      key="9e030ba5-2809-4e17-9460-b89bed9c3818"
    >
      <Styled(LinkComponent)
        href="http://Towne.tv/"
      >
        Eum et numquam. Hic occaecati sunt ea officia quos quisquam. Quo ut cupiditate aperiam dolores architecto et.
      </Styled(LinkComponent)>
    </li>
    <li
      id="f2f4ede7-8efb-48cf-9b7c-776942507d38"
      key="f2f4ede7-8efb-48cf-9b7c-776942507d38"
    >
      <Styled(LinkComponent)
        href="http://Delaney.info/"
      >
        Unde est magnam ut quia provident a. Praesentium dolor quo voluptates nulla neque non. Ullam ipsum omnis eum deleniti et est. Accusantium aut odit et quas numquam est nemo. Sit aut sed assumenda voluptatem est. Esse maxime aut magnam voluptatem earum et autem.
      </Styled(LinkComponent)>
    </li>
    <li
      id="e1382655-9553-44af-b829-8bf28726d473"
      key="e1382655-9553-44af-b829-8bf28726d473"
    >
      <Styled(LinkComponent)
        href="http://www.Waters.info/"
      >
        Nam eos ab. Non aut officia accusamus voluptates. Repudiandae consequatur et non sunt possimus sunt. Id sed dolorem doloremque laudantium consectetur sed cumque. Eos similique similique ut sint saepe tempore.
      </Styled(LinkComponent)>
    </li>
    <li
      id="37a48215-d480-4e28-b517-ea2da1ed86aa"
      key="37a48215-d480-4e28-b517-ea2da1ed86aa"
    >
      <Styled(LinkComponent)
        href="http://www.Nickolas.me/"
      >
        Cum ut nemo error laudantium. Quasi aspernatur temporibus ad aut. Facilis adipisci eius quisquam a mollitia maxime qui mollitia. Consequuntur numquam assumenda modi et sequi qui repudiandae et itaque. Dolor aut dolore sit odit.
      </Styled(LinkComponent)>
    </li>
  </ul>
</div>
`;

exports[`<List /> matches snapshot 6`] = `
<div
  className="aliquam et laborum nam tenetur atque ducimus"
>
  <h5>
    nam repellendus harum laboriosam exercitationem aut et
  </h5>
  <ul>
    <li
      id="2d2b3fe8-564b-48fe-b4c7-aa635800b1bc"
      key="2d2b3fe8-564b-48fe-b4c7-aa635800b1bc"
    >
      <Styled(LinkComponent)
        href="http://Katelynn.net/"
      >
        Facilis a et hic illo perferendis nihil. Et et qui officia. Vel blanditiis nihil impedit rerum vitae dolorum aspernatur quos. Eius id nemo voluptatibus eaque qui quos ut ut. Sunt sunt mollitia temporibus voluptatum. Cupiditate ut eos tempore.
      </Styled(LinkComponent)>
    </li>
    <li
      id="60d7f6e9-13a9-4036-9df3-376d4c048dcc"
      key="60d7f6e9-13a9-4036-9df3-376d4c048dcc"
    >
      <Styled(LinkComponent)
        href="http://www.Spencer.us/"
      >
        Et expedita doloribus consequuntur doloremque velit cum cumque eum. Aperiam qui temporibus a omnis qui omnis architecto. Iure ipsa rem velit id qui rerum architecto. Nostrum animi omnis. Et distinctio aliquid. Provident et deserunt.
      </Styled(LinkComponent)>
    </li>
    <li
      id="667048d7-562a-448d-9343-c88e446458b5"
      key="667048d7-562a-448d-9343-c88e446458b5"
    >
      <Styled(LinkComponent)
        href="http://Marietta.co.uk/"
      >
        Enim id quas consectetur unde. At omnis quam voluptates voluptas hic fugit fugit amet quis. Corporis est incidunt ad repudiandae qui ut architecto neque. Deserunt quod ducimus voluptatem distinctio assumenda voluptas et.
      </Styled(LinkComponent)>
    </li>
    <li
      id="926ebc69-0781-40ce-ace5-ccfd3de89d89"
      key="926ebc69-0781-40ce-ace5-ccfd3de89d89"
    >
      <Styled(LinkComponent)
        href="http://Kuhlman.name/"
      >
        Maiores inventore ut harum unde culpa rerum. Tempore voluptatem quis aut aperiam dolorem. Aut quo eum quod.
      </Styled(LinkComponent)>
    </li>
    <li
      id="8044da50-8b02-4886-b3da-c4a18007540a"
      key="8044da50-8b02-4886-b3da-c4a18007540a"
    >
      <Styled(LinkComponent)
        href="http://www.Mertz.biz/"
      >
        Tempore amet aut. Sed non reprehenderit. Veniam velit dolor sunt sequi quod quas. Tempore repellendus eum dolorem sunt doloremque nam.
      </Styled(LinkComponent)>
    </li>
    <li
      id="27a115c6-a943-42f6-b782-09f345c21757"
      key="27a115c6-a943-42f6-b782-09f345c21757"
    >
      <Styled(LinkComponent)
        href="http://www.Hettinger.ca/"
      >
        Voluptatibus eligendi corrupti dolores. Corrupti perspiciatis sit in aut id fugit quam. Cumque unde earum fugiat.
      </Styled(LinkComponent)>
    </li>
    <li
      id="8bddc8d3-a3b7-49a0-a15c-883f13c68b3a"
      key="8bddc8d3-a3b7-49a0-a15c-883f13c68b3a"
    >
      <Styled(LinkComponent)
        href="http://Swaniawski.biz/"
      >
        Iure est numquam asperiores hic deleniti. Fugiat error consectetur nisi illo beatae suscipit. Commodi velit accusantium sapiente laborum illo expedita inventore. Voluptates quasi itaque laudantium in harum occaecati blanditiis ad aperiam. Dolore nam eos in dolorem quaerat.
      </Styled(LinkComponent)>
    </li>
    <li
      id="c6edcfec-c2aa-46a6-8cdb-a5c965209a9b"
      key="c6edcfec-c2aa-46a6-8cdb-a5c965209a9b"
    >
      <Styled(LinkComponent)
        href="http://Predovic.ca/"
      >
        Placeat et reprehenderit est et distinctio et. Qui voluptates sit eum vel voluptas ea a dolores ullam. Asperiores vero tempore quibusdam deleniti non et non aut. Provident repellat rerum.
      </Styled(LinkComponent)>
    </li>
    <li
      id="31a6f481-77a0-4ba2-9d44-b6cc367fdd6f"
      key="31a6f481-77a0-4ba2-9d44-b6cc367fdd6f"
    >
      <Styled(LinkComponent)
        href="http://Mills.net/"
      >
        Voluptatibus inventore nostrum ut totam et. Magni quam alias ad quo. In animi omnis omnis iure architecto aliquam qui. Et facilis molestias. Eum sit iste esse impedit nihil.
      </Styled(LinkComponent)>
    </li>
    <li
      id="0b8df60e-705e-4aa5-b9f9-a93f36f7839c"
      key="0b8df60e-705e-4aa5-b9f9-a93f36f7839c"
    >
      <Styled(LinkComponent)
        href="http://www.Daisha.us/"
      >
        Voluptatibus sint repellendus quibusdam alias qui ipsum magni eum provident. Corrupti explicabo eum similique placeat. Laborum ex voluptas culpa voluptatem sapiente et consequatur.
      </Styled(LinkComponent)>
    </li>
    <li
      id="560c46a8-1b61-4170-a183-a13f5404f7b1"
      key="560c46a8-1b61-4170-a183-a13f5404f7b1"
    >
      <Styled(LinkComponent)
        href="http://www.Rolando.ca/"
      >
        Officia quos sequi provident. Ea enim corrupti officiis officia vero inventore. Non repudiandae ullam occaecati natus eum maiores nostrum natus sed. Quia incidunt suscipit vitae cupiditate accusantium aut.
      </Styled(LinkComponent)>
    </li>
    <li
      id="beab4ab0-c90d-4066-90e0-09b1182b0401"
      key="beab4ab0-c90d-4066-90e0-09b1182b0401"
    >
      <Styled(LinkComponent)
        href="http://www.Braun.com/"
      >
        Fugiat mollitia omnis nostrum. Commodi eius similique eos fugiat ut earum velit ut laudantium. Et consequatur fugit ipsam est cupiditate. Dolores et qui dolores eum eaque dolores atque dolorem. Quos nobis molestiae corrupti qui est. Et facere itaque deleniti blanditiis qui.
      </Styled(LinkComponent)>
    </li>
    <li
      id="c54f5a78-e925-4151-8969-e836eee2ff98"
      key="c54f5a78-e925-4151-8969-e836eee2ff98"
    >
      <Styled(LinkComponent)
        href="http://Gorczany.biz/"
      >
        Aspernatur ut eum perspiciatis veritatis et accusamus atque. Earum modi sunt et architecto vitae maxime in nostrum. Dolor voluptatem magnam tempore voluptas aut voluptatem non repudiandae porro. A vitae quia ipsa reiciendis est et mollitia. Esse ipsum molestiae dignissimos molestiae.
      </Styled(LinkComponent)>
    </li>
    <li
      id="4b4bfc92-2ec6-46d4-8b7a-7f102249d9cb"
      key="4b4bfc92-2ec6-46d4-8b7a-7f102249d9cb"
    >
      <Styled(LinkComponent)
        href="http://www.Zack.biz/"
      >
        Est non eum culpa. Placeat quod quisquam consequatur quaerat minima voluptatem. Non tempora enim eum. Ullam id earum quia in ab adipisci. Laboriosam id consequuntur ut quae ut.
      </Styled(LinkComponent)>
    </li>
    <li
      id="e4d98de0-e2a7-4d72-9727-4c2aa87651a1"
      key="e4d98de0-e2a7-4d72-9727-4c2aa87651a1"
    >
      <Styled(LinkComponent)
        href="http://Doyle.biz/"
      >
        Cupiditate quia nihil velit reprehenderit blanditiis fugiat molestias. Cupiditate et iure ea itaque repellat. Rerum adipisci dignissimos aperiam consequatur quis iusto voluptatem corporis. Architecto rerum aut.
      </Styled(LinkComponent)>
    </li>
    <li
      id="d26b46ad-59bf-4a99-8fcc-84c17b4b5e34"
      key="d26b46ad-59bf-4a99-8fcc-84c17b4b5e34"
    >
      <Styled(LinkComponent)
        href="http://www.Rupert.info/"
      >
        Porro quidem reprehenderit necessitatibus nesciunt. Consectetur est molestias aut quia culpa nesciunt consectetur. Quod aut aliquam natus est dolor vero ut. Sunt illum culpa qui et. Dolorum suscipit quae temporibus necessitatibus neque provident quidem.
      </Styled(LinkComponent)>
    </li>
    <li
      id="40ec881d-1371-4453-9758-9cce87e5c0b7"
      key="40ec881d-1371-4453-9758-9cce87e5c0b7"
    >
      <Styled(LinkComponent)
        href="http://www.Grady.info/"
      >
        Eum et debitis architecto maxime qui asperiores et. Quas dolores cum reprehenderit dolores laboriosam quaerat ab qui. A est fugit. Qui commodi et repellendus minus eius nemo voluptas. Molestiae harum excepturi debitis. Dolore hic sint molestiae et consequatur illum.
      </Styled(LinkComponent)>
    </li>
    <li
      id="ee084b26-de31-4abe-b2f9-88dd62212c5a"
      key="ee084b26-de31-4abe-b2f9-88dd62212c5a"
    >
      <Styled(LinkComponent)
        href="http://Olson.tv/"
      >
        Nesciunt aliquid quidem blanditiis dicta omnis repellendus omnis assumenda. Vel inventore iusto aut voluptatum inventore voluptates. Magni accusantium ratione expedita.
      </Styled(LinkComponent)>
    </li>
    <li
      id="78e4d186-e9ce-4e63-9f68-fb85f6c4c6fd"
      key="78e4d186-e9ce-4e63-9f68-fb85f6c4c6fd"
    >
      <Styled(LinkComponent)
        href="http://www.Paula.tv/"
      >
        Et est neque nam excepturi ut aut aut. Quaerat ea provident et ut. Ullam in eaque eveniet ut voluptatem numquam. At eius dolor officiis illum.
      </Styled(LinkComponent)>
    </li>
    <li
      id="e11dda9a-31be-4470-a5c4-f06201cbdc43"
      key="e11dda9a-31be-4470-a5c4-f06201cbdc43"
    >
      <Styled(LinkComponent)
        href="http://Satterfield.org/"
      >
        Distinctio commodi beatae reiciendis et. Est sed ipsam libero odio qui corporis rerum error. At et eos labore qui exercitationem dolor nostrum iste.
      </Styled(LinkComponent)>
    </li>
  </ul>
</div>
`;

exports[`<List /> matches snapshot 7`] = `
<div
  className="libero at amet nisi laboriosam rerum voluptatum"
>
  <h5>
    voluptas suscipit ea quod iusto quo iusto
  </h5>
  <ul>
    <li
      id="b86833ae-bbe3-461b-8285-be3e04f33d60"
      key="b86833ae-bbe3-461b-8285-be3e04f33d60"
    >
      <Styled(LinkComponent)
        href="http://www.Marilyne.info/"
      >
        Ea voluptate dolores rerum voluptas tempora laboriosam rerum beatae. Ullam pariatur sint eum qui dolore labore dolore. Consequatur vel magnam id consequuntur. Eveniet deleniti minima omnis praesentium sunt eveniet a sed. Et dolorem debitis doloremque illo excepturi voluptatem doloribus cumque.
      </Styled(LinkComponent)>
    </li>
    <li
      id="9b87a915-e9f4-4d20-ac5b-db080f046f8b"
      key="9b87a915-e9f4-4d20-ac5b-db080f046f8b"
    >
      <Styled(LinkComponent)
        href="http://www.Crooks.net/"
      >
        Itaque totam eos voluptatum sapiente temporibus aut quo. Pariatur natus eligendi placeat aut optio et nesciunt. Consequatur voluptas eveniet labore doloremque consequuntur quia. Est quaerat accusantium alias quae quis quia veniam.
      </Styled(LinkComponent)>
    </li>
    <li
      id="1ae4fd1f-c362-4173-b457-77f2c088f53c"
      key="1ae4fd1f-c362-4173-b457-77f2c088f53c"
    >
      <Styled(LinkComponent)
        href="http://Sharon.tv/"
      >
        Asperiores culpa debitis sint quod. Voluptatibus quo sint explicabo maiores officia saepe. Provident similique temporibus cumque exercitationem reiciendis. Facilis placeat ea et ex. Magni sapiente explicabo optio omnis enim nostrum animi.
      </Styled(LinkComponent)>
    </li>
    <li
      id="5447e822-6dc1-4d38-bf05-4b2ea32c241f"
      key="5447e822-6dc1-4d38-bf05-4b2ea32c241f"
    >
      <Styled(LinkComponent)
        href="http://www.Rodriguez.biz/"
      >
        Voluptatem sed ut dignissimos beatae pariatur vero porro et. Consequatur quis eum aperiam non. Et veritatis quos quo voluptas. Nostrum sint necessitatibus dignissimos eius veritatis et sunt ex.
      </Styled(LinkComponent)>
    </li>
    <li
      id="d8307c46-0d2b-4cf1-8167-2ffb01d8d71a"
      key="d8307c46-0d2b-4cf1-8167-2ffb01d8d71a"
    >
      <Styled(LinkComponent)
        href="http://Ullrich.net/"
      >
        Est laboriosam ipsa tenetur dolorum id tempore. Officia et totam quia ipsa. Quia aliquid eos ut qui natus. Hic laudantium impedit illo nisi.
      </Styled(LinkComponent)>
    </li>
    <li
      id="f8a3806b-c0fe-44c0-aa5b-64a00017273b"
      key="f8a3806b-c0fe-44c0-aa5b-64a00017273b"
    >
      <Styled(LinkComponent)
        href="http://Estrella.biz/"
      >
        Molestiae pariatur rerum deleniti sunt labore necessitatibus praesentium. Harum occaecati consequatur cupiditate minima in. Amet voluptatem eligendi incidunt ratione aut consequuntur voluptatum iste. Consequatur dolor eligendi praesentium dolore nostrum sunt voluptate.
      </Styled(LinkComponent)>
    </li>
    <li
      id="59117ee5-c47a-43d7-8ae6-24274a34a9d4"
      key="59117ee5-c47a-43d7-8ae6-24274a34a9d4"
    >
      <Styled(LinkComponent)
        href="http://Ruecker.com/"
      >
        Earum quidem ex praesentium quia autem saepe. Repudiandae aut ut est. Labore ratione quia aut adipisci quas qui omnis impedit. Voluptatem sequi numquam repellendus tempore omnis consequatur quibusdam voluptates iste.
      </Styled(LinkComponent)>
    </li>
    <li
      id="347136c2-5830-46a5-a75c-44c142fac4ce"
      key="347136c2-5830-46a5-a75c-44c142fac4ce"
    >
      <Styled(LinkComponent)
        href="http://Tatum.name/"
      >
        Non qui ex velit rerum architecto quia quae laborum dicta. At aut consequuntur porro consequatur commodi. Perspiciatis est sed qui et. Autem exercitationem deleniti aut ex velit qui ut soluta animi. Ut incidunt deleniti doloremque mollitia consequuntur.
      </Styled(LinkComponent)>
    </li>
    <li
      id="d7e8e71c-904b-43a8-a3ad-e974f1ed2101"
      key="d7e8e71c-904b-43a8-a3ad-e974f1ed2101"
    >
      <Styled(LinkComponent)
        href="http://www.Kobe.tv/"
      >
        Ut asperiores et consequuntur tempora voluptatum numquam nemo voluptatem. Architecto a dolorem esse qui laudantium. Voluptatem sint qui iure. Dolor dolorem at eaque odit quisquam quisquam voluptatibus. A ut omnis aut doloribus vel. Quia eaque repellendus quae quibusdam quaerat voluptas nam voluptatem adipisci.
      </Styled(LinkComponent)>
    </li>
    <li
      id="d7285b4b-b372-4464-94a4-70bcfcabcc27"
      key="d7285b4b-b372-4464-94a4-70bcfcabcc27"
    >
      <Styled(LinkComponent)
        href="http://Wintheiser.com/"
      >
        Est ducimus voluptatem est eum reiciendis aut eos et. Rerum ut asperiores totam sit illum consequatur. Veritatis molestiae excepturi praesentium est voluptatum eius qui. Deserunt ut aut accusantium rerum error at qui. At sed a assumenda id illum eum eum ut. Rerum est saepe vitae laboriosam nostrum necessitatibus iure.
      </Styled(LinkComponent)>
    </li>
    <li
      id="eca5e197-d7d2-4ff5-b68c-8c424a86d449"
      key="eca5e197-d7d2-4ff5-b68c-8c424a86d449"
    >
      <Styled(LinkComponent)
        href="http://www.Alexys.biz/"
      >
        In et ratione voluptatum praesentium natus. Omnis iusto eligendi quia rerum sed quam ut enim. Cupiditate reprehenderit excepturi quia quibusdam dicta ea rerum. Quod sed porro. Officiis earum quasi sit ea non.
      </Styled(LinkComponent)>
    </li>
    <li
      id="6d58e712-0597-4b19-bf84-3a141bb1dfb7"
      key="6d58e712-0597-4b19-bf84-3a141bb1dfb7"
    >
      <Styled(LinkComponent)
        href="http://www.Emmett.biz/"
      >
        Sunt at sit aperiam placeat aut in. Deleniti consectetur modi et molestiae similique laudantium est. Ab sapiente sit fugiat qui aut sapiente consequatur. Eos ut consequatur.
      </Styled(LinkComponent)>
    </li>
    <li
      id="1e95e1de-0411-4385-8157-c5ea60502e90"
      key="1e95e1de-0411-4385-8157-c5ea60502e90"
    >
      <Styled(LinkComponent)
        href="http://www.Kristopher.io/"
      >
        Possimus unde voluptas voluptas quae. At doloremque qui et natus autem iusto doloremque. Necessitatibus vel quia nihil odit inventore esse tenetur nostrum. Minus rerum fuga aut. Ut quia recusandae voluptatem voluptatibus ducimus minima sed. Autem eum veritatis et voluptatibus.
      </Styled(LinkComponent)>
    </li>
    <li
      id="75c1bb8c-e934-4c2b-8a84-a1269acadb49"
      key="75c1bb8c-e934-4c2b-8a84-a1269acadb49"
    >
      <Styled(LinkComponent)
        href="http://Bergstrom.ca/"
      >
        Voluptatem in non qui velit rerum nihil assumenda aliquid quisquam. Beatae at quam id dolores distinctio dolores ut accusantium ipsa. Modi qui et. Iure occaecati odio accusamus delectus id maiores. Corporis dolorem et ea debitis. Est blanditiis aut.
      </Styled(LinkComponent)>
    </li>
    <li
      id="8171616a-9b27-44c7-aa67-e3e3895fcd0b"
      key="8171616a-9b27-44c7-aa67-e3e3895fcd0b"
    >
      <Styled(LinkComponent)
        href="http://www.Maximilian.tv/"
      >
        Aut recusandae eos officiis optio nam. Cum reiciendis dolorem veritatis excepturi incidunt ducimus temporibus rerum. Quis hic maiores maiores.
      </Styled(LinkComponent)>
    </li>
    <li
      id="422a24e6-61ae-4af0-b486-f52f5e1b0dc2"
      key="422a24e6-61ae-4af0-b486-f52f5e1b0dc2"
    >
      <Styled(LinkComponent)
        href="http://www.Jermain.ca/"
      >
        Molestiae natus perferendis. Nemo occaecati nostrum error magnam esse eius nulla. Delectus id sit commodi minus officia. Corrupti pariatur voluptatem vitae quia tenetur eum harum voluptatem. Officiis sed voluptatum officia.
      </Styled(LinkComponent)>
    </li>
    <li
      id="2415c004-d624-45c8-8e75-323fa300d802"
      key="2415c004-d624-45c8-8e75-323fa300d802"
    >
      <Styled(LinkComponent)
        href="http://www.Emerson.name/"
      >
        Ipsam rerum fuga consequatur. Modi unde beatae et voluptatem sunt omnis magni quas. Atque ipsum accusamus eaque sunt at ex. Alias architecto qui in eum illo distinctio hic odit.
      </Styled(LinkComponent)>
    </li>
  </ul>
</div>
`;

exports[`<List /> matches snapshot 8`] = `
<div
  className="iure et natus harum autem a rerum"
>
  <h5>
    sint voluptatibus harum maiores aut qui voluptatem
  </h5>
  <ul>
    <li
      id="8bc24d04-9278-44e0-a63c-5e157dfba328"
      key="8bc24d04-9278-44e0-a63c-5e157dfba328"
    >
      <Styled(LinkComponent)
        href="http://Dickens.com/"
      >
        Dolor modi ratione exercitationem. Incidunt aspernatur nulla laboriosam voluptatem qui. Dolor voluptas qui. Ratione sint soluta est accusamus eos est nihil similique expedita.
      </Styled(LinkComponent)>
    </li>
    <li
      id="f490514c-92d7-46fd-8520-b3d9166e227f"
      key="f490514c-92d7-46fd-8520-b3d9166e227f"
    >
      <Styled(LinkComponent)
        href="http://Cletus.biz/"
      >
        Laudantium voluptatem itaque harum ut. Deleniti eligendi minima et quas asperiores ducimus consequatur necessitatibus ducimus. Illo consequatur officiis tenetur aut. Quos nihil ex. Impedit et consequatur ab maiores quia aspernatur est expedita.
      </Styled(LinkComponent)>
    </li>
    <li
      id="f523cf2d-4fd6-40c6-b7c3-c2a7f84b0cb5"
      key="f523cf2d-4fd6-40c6-b7c3-c2a7f84b0cb5"
    >
      <Styled(LinkComponent)
        href="http://Harris.biz/"
      >
        Eum voluptas sed deserunt accusamus. Dolor iusto ea ratione in quia quia. Ut voluptatum sed beatae et fugit ipsum. Ut non ullam in voluptatem omnis dicta ipsam. Id mollitia aliquam praesentium dolorum atque. Enim aut id est omnis ipsa earum iusto fuga.
      </Styled(LinkComponent)>
    </li>
    <li
      id="01b480ed-3c3e-44e0-a722-32cc260aae1d"
      key="01b480ed-3c3e-44e0-a722-32cc260aae1d"
    >
      <Styled(LinkComponent)
        href="http://Icie.com/"
      >
        Quaerat eos sed consectetur fugiat dignissimos iusto quo consequatur. Ut dicta quisquam sed. Qui enim soluta nesciunt consequuntur velit deserunt. Ipsum soluta voluptas in voluptas.
      </Styled(LinkComponent)>
    </li>
    <li
      id="63eaae4a-ad1d-46aa-abd6-acd9880b8db3"
      key="63eaae4a-ad1d-46aa-abd6-acd9880b8db3"
    >
      <Styled(LinkComponent)
        href="http://Hahn.net/"
      >
        Consectetur dolor est iure consequatur minus illo recusandae qui dolorem. Facere nesciunt quibusdam fuga qui. Qui et qui qui et fuga et iusto. Inventore ullam iusto voluptatibus. Fuga minima harum eos exercitationem corrupti ipsam. Ullam quia temporibus adipisci aliquam doloremque iure autem in.
      </Styled(LinkComponent)>
    </li>
    <li
      id="7d266a68-a253-4d12-a09a-6a9b00f12c0c"
      key="7d266a68-a253-4d12-a09a-6a9b00f12c0c"
    >
      <Styled(LinkComponent)
        href="http://Ebert.biz/"
      >
        Sint voluptatem maxime ipsam ipsam dolorem sint in libero. Nihil delectus saepe facilis harum minima. Voluptas ut quibusdam voluptatem autem ipsum. Id qui nihil ex et ut reiciendis. Velit suscipit magni consequatur voluptatem corrupti tenetur in.
      </Styled(LinkComponent)>
    </li>
    <li
      id="48a01ff5-701e-4a65-b183-b9b62340a121"
      key="48a01ff5-701e-4a65-b183-b9b62340a121"
    >
      <Styled(LinkComponent)
        href="http://www.Reyes.info/"
      >
        Et quisquam et. Ut aut omnis aspernatur in eveniet error ut. Molestiae ut similique atque asperiores fuga debitis ad facilis. Eos qui id mollitia molestias sed expedita voluptas harum.
      </Styled(LinkComponent)>
    </li>
    <li
      id="d34bcc92-12aa-4e3e-8655-7431b8bca6c6"
      key="d34bcc92-12aa-4e3e-8655-7431b8bca6c6"
    >
      <Styled(LinkComponent)
        href="http://Spinka.us/"
      >
        Nostrum id voluptas aut est quia saepe eum ut. Doloribus voluptate deserunt asperiores id. Reiciendis ratione est dolor porro odio.
      </Styled(LinkComponent)>
    </li>
    <li
      id="c30eef7e-f414-4a2d-99a5-419fe88f67d3"
      key="c30eef7e-f414-4a2d-99a5-419fe88f67d3"
    >
      <Styled(LinkComponent)
        href="http://Glenna.ca/"
      >
        Nisi odit in quia nostrum voluptatem est. Sed eos consequuntur hic. Sed sit praesentium aut sit aperiam quidem quia consequatur et. Est assumenda animi reiciendis quidem voluptate qui quasi quis.
      </Styled(LinkComponent)>
    </li>
    <li
      id="cb9fd6ac-6170-4c3e-abaf-3777543f87e9"
      key="cb9fd6ac-6170-4c3e-abaf-3777543f87e9"
    >
      <Styled(LinkComponent)
        href="http://www.Batz.name/"
      >
        Harum dolorum vel magni. Omnis qui blanditiis et minima consequuntur et ut consectetur et. Quaerat deleniti perspiciatis qui quia totam. Molestiae aut aut doloribus. Deserunt dignissimos excepturi recusandae itaque possimus recusandae ut ut. Sint cum nihil rerum reiciendis.
      </Styled(LinkComponent)>
    </li>
    <li
      id="e985e300-71f4-4c08-bf39-dfebd966cbea"
      key="e985e300-71f4-4c08-bf39-dfebd966cbea"
    >
      <Styled(LinkComponent)
        href="http://www.Norval.org/"
      >
        Sed qui porro itaque commodi eum voluptatum architecto. Placeat nemo quia illo ut vero velit. Sit sequi aperiam quibusdam animi maiores. Unde rem rerum eum assumenda nesciunt nesciunt corrupti.
      </Styled(LinkComponent)>
    </li>
    <li
      id="9678f492-1762-4fec-8fe1-d733d7af279f"
      key="9678f492-1762-4fec-8fe1-d733d7af279f"
    >
      <Styled(LinkComponent)
        href="http://Earnestine.biz/"
      >
        Eum laborum tempora magni quia molestias et. Magni quod perspiciatis est sit id. Voluptatum dolores eos rerum.
      </Styled(LinkComponent)>
    </li>
    <li
      id="73cbe100-954f-43d2-82c7-54b4a8dfb9c1"
      key="73cbe100-954f-43d2-82c7-54b4a8dfb9c1"
    >
      <Styled(LinkComponent)
        href="http://www.Yoshiko.tv/"
      >
        Dolorum a illo neque officia incidunt ducimus ut. Consequatur ad debitis nostrum vero quae sunt quia nesciunt placeat. Velit vel commodi neque eum voluptates maxime rerum. Quidem id tempore praesentium quo.
      </Styled(LinkComponent)>
    </li>
  </ul>
</div>
`;
