// Jest Snapshot v1, https://goo.gl/fbAQLP

exports[`<List /> matches snapshot 1`] = `
<div>
  <h5>
    sequi facilis corporis sed veritatis quidem praesentium
  </h5>
  <ul>
    <li
      id="1492fd03-f808-4d9d-a109-9deec8184c94"
      key="1492fd03-f808-4d9d-a109-9deec8184c94"
    >
      <Styled(LinkComponent)
        href="http://Walter.name/"
      >
        Assumenda aut enim iure facilis ut explicabo iure. Occaecati officia iure nisi. Maiores recusandae fuga reprehenderit soluta non omnis consequatur enim quia. Et modi tenetur amet modi reprehenderit. Adipisci eius laborum eius aut illo dolorum.
      </Styled(LinkComponent)>
    </li>
    <li
      id="06bcd266-ca80-45ab-810e-15cef4042cad"
      key="06bcd266-ca80-45ab-810e-15cef4042cad"
    >
      <Styled(LinkComponent)
        href="http://Klocko.info/"
      >
        Adipisci mollitia iste. Omnis debitis rem similique temporibus aliquam sed sapiente soluta corporis. Eaque nisi cum ducimus nemo doloremque. Esse atque et non explicabo dolores ipsam laboriosam non itaque. Ea ducimus autem sit aspernatur.
      </Styled(LinkComponent)>
    </li>
    <li
      id="b072edb7-270b-4b8c-a79c-a27b1588f4a5"
      key="b072edb7-270b-4b8c-a79c-a27b1588f4a5"
    >
      <Styled(LinkComponent)
        href="http://Shanahan.ca/"
      >
        Voluptate in sunt. Nulla aut sunt est rerum at sint. Fugiat quis et voluptas. Et vero repellat eveniet assumenda quis quae. Sapiente nostrum aut corrupti sed consectetur.
      </Styled(LinkComponent)>
    </li>
    <li
      id="0cafa1cf-5cc8-4df5-a67b-8b1bb9cf94aa"
      key="0cafa1cf-5cc8-4df5-a67b-8b1bb9cf94aa"
    >
      <Styled(LinkComponent)
        href="http://www.Rosenbaum.biz/"
      >
        Animi in ut occaecati. Odit tempora at modi occaecati illum laborum quos eum. Sit saepe assumenda deserunt consequatur itaque. In fugit in rerum libero odit aut labore qui. Inventore aut eveniet beatae incidunt ut ducimus fugiat et.
      </Styled(LinkComponent)>
    </li>
    <li
      id="d9854ae4-78f9-4abf-a796-e71629322521"
      key="d9854ae4-78f9-4abf-a796-e71629322521"
    >
      <Styled(LinkComponent)
        href="http://Dietrich.biz/"
      >
        Et qui sunt nesciunt provident eaque atque. Rerum nobis nam dolor quas repellendus. Dolores totam animi ipsum occaecati et consequatur. Sunt molestiae cupiditate autem. Consequatur accusantium molestiae. Sint et ipsa consequuntur quidem dolorem quia consequatur omnis ab.
      </Styled(LinkComponent)>
    </li>
    <li
      id="8106485b-5a3d-4fc8-81a8-4a821132af03"
      key="8106485b-5a3d-4fc8-81a8-4a821132af03"
    >
      <Styled(LinkComponent)
        href="http://Bogisich.name/"
      >
        Eum repudiandae minima temporibus ducimus quia assumenda. Neque saepe est labore sed rerum nesciunt. Rem repellendus nihil repudiandae aliquid ex architecto ut corrupti. Quia dolores dolor voluptates sequi. Nostrum aliquid ea.
      </Styled(LinkComponent)>
    </li>
  </ul>
</div>
`;

exports[`<List /> matches snapshot 2`] = `
<div>
  <h5>
    dolor eum velit aperiam voluptas eos quam
  </h5>
  <ul>
    <li
      id="a3a1d0cb-a4e0-4c1e-861b-a3671511036a"
      key="a3a1d0cb-a4e0-4c1e-861b-a3671511036a"
    >
      <Styled(LinkComponent)
        href="http://www.Pollich.info/"
      >
        Quis molestiae et dicta odit vel quisquam qui harum. Aut esse unde ea voluptatem totam occaecati eveniet aut eligendi. Sed pariatur voluptates odio rem saepe. Quia culpa suscipit totam libero necessitatibus. Ratione eveniet ea totam aut aut. Enim rem qui hic dolore quibusdam quasi.
      </Styled(LinkComponent)>
    </li>
    <li
      id="f88b086b-acd0-43b1-87fd-2a9e071af8f0"
      key="f88b086b-acd0-43b1-87fd-2a9e071af8f0"
    >
      <Styled(LinkComponent)
        href="http://Colby.ca/"
      >
        Laboriosam tempore voluptatibus reiciendis ut. Commodi at impedit sint perferendis in dolorem repudiandae possimus. Esse qui est aut laborum nesciunt. Vero voluptate esse aliquam.
      </Styled(LinkComponent)>
    </li>
    <li
      id="abb80725-52ba-4cb7-bc3d-3fc86fb60dc7"
      key="abb80725-52ba-4cb7-bc3d-3fc86fb60dc7"
    >
      <Styled(LinkComponent)
        href="http://www.Swaniawski.tv/"
      >
        Reprehenderit commodi perspiciatis quas et quos esse dolores. Delectus molestias ut distinctio. Placeat exercitationem unde minus facere iste sunt. Aut dolorem in non dolorem.
      </Styled(LinkComponent)>
    </li>
    <li
      id="2d6659bc-b9a8-4c27-9289-285c16b5f5a1"
      key="2d6659bc-b9a8-4c27-9289-285c16b5f5a1"
    >
      <Styled(LinkComponent)
        href="http://Neoma.us/"
      >
        Aut id possimus quas dolor error eum. Provident deleniti consequuntur velit ad. Omnis fugit labore quia et beatae adipisci voluptatum id porro. Numquam consequatur et et voluptas repellendus. Corrupti quas eligendi ut officiis.
      </Styled(LinkComponent)>
    </li>
    <li
      id="1bf183af-9701-48b5-a081-7d12e0b33398"
      key="1bf183af-9701-48b5-a081-7d12e0b33398"
    >
      <Styled(LinkComponent)
        href="http://www.Justyn.tv/"
      >
        Deserunt accusantium debitis aut laborum at. Nulla sit officia doloremque non sit a perferendis soluta dignissimos. Non ea sed consequatur ut sapiente molestiae dolores. Placeat vitae ut facere recusandae ea necessitatibus sed ea. Doloremque est nemo. Omnis eaque nobis possimus eos quia quam.
      </Styled(LinkComponent)>
    </li>
    <li
      id="033c18ba-af7d-4556-be17-3460805c773c"
      key="033c18ba-af7d-4556-be17-3460805c773c"
    >
      <Styled(LinkComponent)
        href="http://Samir.info/"
      >
        Libero mollitia facilis est laboriosam tempora aut cupiditate. Non ipsam fuga rem eius est nihil sit enim. Nostrum omnis non provident enim quia et optio praesentium iure. Ab minus animi quis. Animi aut sapiente fuga unde aliquam et. Dolorem possimus accusantium enim est aspernatur voluptatem consequatur temporibus.
      </Styled(LinkComponent)>
    </li>
    <li
      id="c31d4c04-780c-4617-aa73-0e8fab414dfc"
      key="c31d4c04-780c-4617-aa73-0e8fab414dfc"
    >
      <Styled(LinkComponent)
        href="http://Bergstrom.us/"
      >
        Blanditiis qui sed a. Voluptatem qui dolores eaque. Omnis ut praesentium vel earum quo. Et ut voluptate delectus officia maiores cumque consequuntur rerum. Nulla aut omnis blanditiis.
      </Styled(LinkComponent)>
    </li>
    <li
      id="e02f4a57-3ac0-4fa8-89cd-fb7d467cee5c"
      key="e02f4a57-3ac0-4fa8-89cd-fb7d467cee5c"
    >
      <Styled(LinkComponent)
        href="http://Price.io/"
      >
        Sit eos maxime at doloribus. Maiores laborum soluta rerum atque velit voluptatem itaque quia. Autem consequuntur qui. Laudantium et qui et aperiam quia est et suscipit ipsa. Id qui ea vel quaerat labore.
      </Styled(LinkComponent)>
    </li>
    <li
      id="45209dcd-bec6-448b-98ce-6db8a2025179"
      key="45209dcd-bec6-448b-98ce-6db8a2025179"
    >
      <Styled(LinkComponent)
        href="http://www.Mafalda.name/"
      >
        Optio laborum officia iure eius veritatis voluptates. Reiciendis in exercitationem et error. Aspernatur soluta possimus voluptas sed esse rem sed. Quaerat similique autem doloribus et voluptatem id quisquam aspernatur.
      </Styled(LinkComponent)>
    </li>
    <li
      id="1be83c82-e655-4ed5-a4a2-2d308283bf5a"
      key="1be83c82-e655-4ed5-a4a2-2d308283bf5a"
    >
      <Styled(LinkComponent)
        href="http://Baron.com/"
      >
        Dolores voluptas quidem excepturi temporibus. Ut velit odit ratione saepe id officia pariatur. Tenetur consequatur ut consequatur fugit libero quas in ullam. Minima consequatur eligendi excepturi fugit beatae ut ea rerum nobis.
      </Styled(LinkComponent)>
    </li>
    <li
      id="e1cf8226-a95e-45f2-aef2-4c9a594d7daa"
      key="e1cf8226-a95e-45f2-aef2-4c9a594d7daa"
    >
      <Styled(LinkComponent)
        href="http://Enola.com/"
      >
        Ullam animi excepturi laborum veniam asperiores et consectetur animi. Reiciendis iure laudantium est dolorem ratione sed. Provident ut qui odit nam.
      </Styled(LinkComponent)>
    </li>
    <li
      id="8b257fd4-582f-4d54-b550-f9a1d8854d9f"
      key="8b257fd4-582f-4d54-b550-f9a1d8854d9f"
    >
      <Styled(LinkComponent)
        href="http://www.Koepp.ca/"
      >
        Et placeat rerum sequi. Adipisci fugiat officiis enim voluptatem. Sequi magnam doloremque laudantium. Magni molestias dolorem nesciunt sed consequatur cum. Deserunt ut tenetur iure. Aut ab laborum sint qui id ipsa.
      </Styled(LinkComponent)>
    </li>
    <li
      id="2bef0e4e-b2f7-4991-962a-dbf484507890"
      key="2bef0e4e-b2f7-4991-962a-dbf484507890"
    >
      <Styled(LinkComponent)
        href="http://www.Denesik.biz/"
      >
        Officia totam corporis rem sit eligendi ipsa molestiae. Doloribus animi sunt dolorum tempore animi vel possimus eos. Ducimus voluptatem iusto tempore voluptas. Accusamus vitae eligendi et aperiam quia unde ex. Ullam ullam doloremque quidem. Voluptatem ab incidunt velit voluptatem pariatur blanditiis voluptatem laboriosam.
      </Styled(LinkComponent)>
    </li>
    <li
      id="4a9bd610-4457-4b22-af99-2e610bb5a918"
      key="4a9bd610-4457-4b22-af99-2e610bb5a918"
    >
      <Styled(LinkComponent)
        href="http://McDermott.biz/"
      >
        Similique quos rem nihil voluptatem est impedit. Qui cum quos eos iste aut inventore optio. Excepturi ipsam molestiae quae ut. Quam ea dolores tempore facilis rerum. Minima veritatis iste ut a ut exercitationem.
      </Styled(LinkComponent)>
    </li>
    <li
      id="f9d2a1d4-b436-430a-8e4e-c88335c6c3a8"
      key="f9d2a1d4-b436-430a-8e4e-c88335c6c3a8"
    >
      <Styled(LinkComponent)
        href="http://www.Nikolaus.info/"
      >
        Aut est molestias omnis. Vel omnis qui qui necessitatibus. Tempora voluptatem autem. Delectus iure veniam est consequatur ut et numquam.
      </Styled(LinkComponent)>
    </li>
    <li
      id="9d23c406-dcfa-46f8-8aa5-d303851973dc"
      key="9d23c406-dcfa-46f8-8aa5-d303851973dc"
    >
      <Styled(LinkComponent)
        href="http://Corwin.biz/"
      >
        Vel nisi culpa provident voluptatem sit. In tenetur iure quos sed quibusdam voluptatem. Est vel quia fugit totam quia. Quod aut molestiae rem sunt aut. Provident voluptates perspiciatis nulla maiores pariatur. Harum maxime a repellendus.
      </Styled(LinkComponent)>
    </li>
    <li
      id="65c79bff-792b-4e4f-a7a3-4efba5b40941"
      key="65c79bff-792b-4e4f-a7a3-4efba5b40941"
    >
      <Styled(LinkComponent)
        href="http://www.Nichole.biz/"
      >
        Earum ex officia veritatis. Aut pariatur dolorum eligendi. Sit cum voluptatem dolor. Unde reprehenderit deleniti nihil ex maiores nihil quisquam id omnis. Voluptatum cupiditate quo sit adipisci ab rerum.
      </Styled(LinkComponent)>
    </li>
    <li
      id="745f58a6-47ae-412f-9d4a-2689879cc5b8"
      key="745f58a6-47ae-412f-9d4a-2689879cc5b8"
    >
      <Styled(LinkComponent)
        href="http://Polly.co.uk/"
      >
        Quia aliquam eum exercitationem excepturi eligendi. Similique optio hic perspiciatis dolor quod doloribus culpa. Consectetur voluptas perferendis dicta iste quo earum et. Rem adipisci ut nisi a delectus eveniet qui. Sed vel blanditiis aut.
      </Styled(LinkComponent)>
    </li>
    <li
      id="98200fdc-4bc9-4df9-9510-c4ee95e3a4de"
      key="98200fdc-4bc9-4df9-9510-c4ee95e3a4de"
    >
      <Styled(LinkComponent)
        href="http://www.Alan.tv/"
      >
        Quo sed aut dolore labore vitae aperiam voluptas. Cumque cupiditate quod et dolorem possimus quasi accusantium. Voluptatem perferendis commodi harum et. Mollitia quis dolor non id cum enim mollitia voluptas accusamus. Dolorum quis esse aut eaque dignissimos incidunt. Non ut molestiae repellendus quibusdam delectus.
      </Styled(LinkComponent)>
    </li>
    <li
      id="44a87d2e-71a4-434a-8b9e-21e923322a38"
      key="44a87d2e-71a4-434a-8b9e-21e923322a38"
    >
      <Styled(LinkComponent)
        href="http://Graham.net/"
      >
        Sit pariatur quam et excepturi laborum sit aut. Explicabo expedita eos ut id unde est. Et molestiae velit. Sapiente et voluptas at. Aspernatur qui et nam eaque sit porro dolor corrupti.
      </Styled(LinkComponent)>
    </li>
  </ul>
</div>
`;

exports[`<List /> matches snapshot 3`] = `
<div>
  <h5>
    nihil et voluptatem ut ipsa iure similique
  </h5>
  <ul>
    <li
      id="a03d0963-1144-48b6-b861-593c245a16a3"
      key="a03d0963-1144-48b6-b861-593c245a16a3"
    >
      <Styled(LinkComponent)
        href="http://www.McDermott.co.uk/"
      >
        Quis voluptatum est eos vero odio rerum voluptas veniam. Veniam optio magnam dolor exercitationem vitae. A corrupti eveniet non.
      </Styled(LinkComponent)>
    </li>
    <li
      id="406c6ad3-6428-4592-a695-a167a4eff791"
      key="406c6ad3-6428-4592-a695-a167a4eff791"
    >
      <Styled(LinkComponent)
        href="http://Natalie.us/"
      >
        Enim praesentium voluptatem ipsam quod voluptatem molestiae temporibus non dolorum. Reprehenderit facere qui sint enim ratione cupiditate. Suscipit fuga non est suscipit dicta ipsum vel. Expedita veritatis pariatur magni ut explicabo iste quia fugiat ducimus.
      </Styled(LinkComponent)>
    </li>
    <li
      id="2a5c2eab-7009-4ce8-9744-22163c1a7491"
      key="2a5c2eab-7009-4ce8-9744-22163c1a7491"
    >
      <Styled(LinkComponent)
        href="http://www.Kelton.com/"
      >
        Sequi et non quis illum exercitationem. Voluptas quia nam quisquam quia. Rerum nobis harum asperiores expedita. Quo voluptatum laborum vel deserunt.
      </Styled(LinkComponent)>
    </li>
    <li
      id="e137441e-32df-49e8-9d77-a409da94f948"
      key="e137441e-32df-49e8-9d77-a409da94f948"
    >
      <Styled(LinkComponent)
        href="http://London.co.uk/"
      >
        Perspiciatis autem quae repellat. Praesentium libero officia voluptas omnis provident sed facere. Cum et non ad fugiat molestias. Impedit sed maxime vitae mollitia temporibus minus qui ea. Hic explicabo tempore ipsa id.
      </Styled(LinkComponent)>
    </li>
    <li
      id="5cb39956-856a-4d74-9eed-0cd28cb17478"
      key="5cb39956-856a-4d74-9eed-0cd28cb17478"
    >
      <Styled(LinkComponent)
        href="http://www.Iva.me/"
      >
        Eveniet iusto laborum voluptatem dolor. Est asperiores eius consequatur quam nesciunt. Enim aut recusandae doloremque quaerat. Quos ipsum itaque. Ipsam hic facilis dolorem.
      </Styled(LinkComponent)>
    </li>
    <li
      id="637113c4-4334-49a9-a3b5-739689e3e771"
      key="637113c4-4334-49a9-a3b5-739689e3e771"
    >
      <Styled(LinkComponent)
        href="http://Konopelski.net/"
      >
        Aut blanditiis voluptatem. Beatae ea sed perferendis illo sed voluptatem. Vitae odit et est laudantium. Quam eum mollitia reiciendis ipsam id nisi explicabo accusantium non. Aliquid tempora praesentium hic veniam quia animi autem. Cum neque tempore ipsa perspiciatis illo.
      </Styled(LinkComponent)>
    </li>
    <li
      id="dec0651e-462a-4eda-bc5b-ac121ca117b3"
      key="dec0651e-462a-4eda-bc5b-ac121ca117b3"
    >
      <Styled(LinkComponent)
        href="http://Pollich.io/"
      >
        Voluptatem id id laborum commodi sit provident tenetur sunt. Numquam ab sit incidunt ea. Vel ad facilis vitae sit soluta odit voluptas. Est enim dicta iusto.
      </Styled(LinkComponent)>
    </li>
    <li
      id="4b7d451c-e68b-4cf2-a83a-65e204693f95"
      key="4b7d451c-e68b-4cf2-a83a-65e204693f95"
    >
      <Styled(LinkComponent)
        href="http://www.Bins.tv/"
      >
        Et non autem et quae labore rerum. Fugiat nihil perferendis illum modi aut deleniti quas ut. Natus magnam ad quod eum. Delectus sed vel non maiores nam est.
      </Styled(LinkComponent)>
    </li>
    <li
      id="b38c1050-b617-4f31-b9b5-302c2d5857b3"
      key="b38c1050-b617-4f31-b9b5-302c2d5857b3"
    >
      <Styled(LinkComponent)
        href="http://Nathanial.net/"
      >
        Mollitia tempore delectus eos sunt optio iusto consequatur perferendis. Libero esse inventore enim necessitatibus nihil autem. Consequatur voluptas harum similique quia dolorem non earum. Ut voluptates veritatis reprehenderit aperiam doloribus nisi.
      </Styled(LinkComponent)>
    </li>
    <li
      id="c92870ac-47a2-4763-9633-f7763072fed0"
      key="c92870ac-47a2-4763-9633-f7763072fed0"
    >
      <Styled(LinkComponent)
        href="http://Von.biz/"
      >
        Ut quisquam ipsam sint. Dignissimos quia minima laborum voluptatem ut unde quidem. Repudiandae mollitia minus error placeat optio non. Et quae nostrum. Odit vel voluptates incidunt consequuntur quia perspiciatis. Ducimus possimus omnis.
      </Styled(LinkComponent)>
    </li>
    <li
      id="c87fcade-a7d2-43cf-bb3a-01df60c9d1f9"
      key="c87fcade-a7d2-43cf-bb3a-01df60c9d1f9"
    >
      <Styled(LinkComponent)
        href="http://Mraz.org/"
      >
        Eum sit cumque a quibusdam et. Cupiditate quis ad asperiores eum est. Quas exercitationem aperiam tempora delectus ut labore. Eius sint est dolores magni est magni dolor. Amet suscipit sed est corporis est quos.
      </Styled(LinkComponent)>
    </li>
    <li
      id="7d0c46cb-dfe7-4968-9682-22aa8004049b"
      key="7d0c46cb-dfe7-4968-9682-22aa8004049b"
    >
      <Styled(LinkComponent)
        href="http://www.Blaise.org/"
      >
        Quo sequi rerum labore quod aut sint autem. Similique ut dolor tempore tenetur ratione et adipisci. Doloribus suscipit molestiae voluptatem perspiciatis aut sed quibusdam. Eligendi quidem eos fugiat voluptates omnis tenetur aut molestias. Placeat et et.
      </Styled(LinkComponent)>
    </li>
  </ul>
</div>
`;

exports[`<List /> matches snapshot 4`] = `
<div>
  <h5>
    et sed aut quia explicabo pariatur ad
  </h5>
  <ul>
    <li
      id="b3d35a4b-14c2-49d2-8b0b-2ad90f0734d4"
      key="b3d35a4b-14c2-49d2-8b0b-2ad90f0734d4"
    >
      <Styled(LinkComponent)
        href="http://Lowe.net/"
      >
        Odit libero sunt. Provident suscipit commodi delectus. Sunt numquam iste nisi corporis blanditiis. Amet ipsa consectetur repellat qui fugiat velit est.
      </Styled(LinkComponent)>
    </li>
    <li
      id="1b0d68d6-1981-4224-b390-3fad7a0495af"
      key="1b0d68d6-1981-4224-b390-3fad7a0495af"
    >
      <Styled(LinkComponent)
        href="http://Lenny.io/"
      >
        Debitis ut sint non pariatur accusamus nihil beatae. Fuga placeat odio est quos voluptates in. Vero corrupti nihil est maxime vitae perspiciatis laboriosam pariatur. Est sint deleniti rerum atque optio. Iste ut est dicta consequatur reiciendis quia.
      </Styled(LinkComponent)>
    </li>
  </ul>
</div>
`;

exports[`<List /> matches snapshot 5`] = `
<div>
  <h5>
    est voluptatem voluptates reprehenderit sed iste iure
  </h5>
  <ul>
    <li
      id="6e815506-7af4-4cfb-86b5-3042efad708e"
      key="6e815506-7af4-4cfb-86b5-3042efad708e"
    >
      <Styled(LinkComponent)
        href="http://Reilly.io/"
      >
        Ipsam et aliquam corrupti amet sunt maxime. Ex velit vitae amet vel. Aperiam consequatur et atque id adipisci velit aut. Sapiente omnis inventore quo impedit magni.
      </Styled(LinkComponent)>
    </li>
    <li
      id="e11f3ff4-6d22-4b9f-a827-4c9d525ab372"
      key="e11f3ff4-6d22-4b9f-a827-4c9d525ab372"
    >
      <Styled(LinkComponent)
        href="http://Era.name/"
      >
        Aliquam fuga consequatur est omnis. Nemo eligendi voluptas vel qui et consectetur. Blanditiis sed omnis qui. Porro ut aut omnis esse quia corporis repellendus fuga adipisci.
      </Styled(LinkComponent)>
    </li>
    <li
      id="9ae256c8-c22a-4152-b732-e7a7b7c27e9a"
      key="9ae256c8-c22a-4152-b732-e7a7b7c27e9a"
    >
      <Styled(LinkComponent)
        href="http://Ruecker.tv/"
      >
        Eligendi cupiditate voluptas voluptas error quo error sed autem. Possimus fuga vitae est nemo et quia. Beatae voluptates ea rerum qui cupiditate repellendus. Ut et inventore culpa laborum nisi sed exercitationem harum. Sunt vel aut aut nihil voluptatibus earum quae quia.
      </Styled(LinkComponent)>
    </li>
    <li
      id="c5071302-291a-4f02-8819-e90dd685af48"
      key="c5071302-291a-4f02-8819-e90dd685af48"
    >
      <Styled(LinkComponent)
        href="http://www.Hegmann.ca/"
      >
        Ut placeat labore harum. Ad molestiae similique aliquid sunt velit et tempora et. Illo quos necessitatibus saepe.
      </Styled(LinkComponent)>
    </li>
  </ul>
</div>
`;

exports[`<List /> matches snapshot 6`] = `
<div>
  <h5>
    ratione et non labore et dolores fugiat
  </h5>
  <ul>
    <li
      id="68ddeca8-3253-47bf-8b3c-5e3a0f253c39"
      key="68ddeca8-3253-47bf-8b3c-5e3a0f253c39"
    >
      <Styled(LinkComponent)
        href="http://Spinka.tv/"
      >
        Quo ut qui amet mollitia exercitationem itaque. Ea quibusdam et. Non sint excepturi quaerat quas est maiores.
      </Styled(LinkComponent)>
    </li>
    <li
      id="4dc00648-e986-454e-8243-9d24e649c15f"
      key="4dc00648-e986-454e-8243-9d24e649c15f"
    >
      <Styled(LinkComponent)
        href="http://Nienow.io/"
      >
        Nemo cumque quasi similique libero tempore animi error dolorum. Molestiae ad molestiae amet. Qui eum qui ut sequi eveniet quis magnam nulla. Incidunt dolores vero velit voluptatem odit suscipit. Et qui molestiae eius qui et necessitatibus.
      </Styled(LinkComponent)>
    </li>
    <li
      id="f6351037-7c89-4e6d-b90e-dc590b5bd6aa"
      key="f6351037-7c89-4e6d-b90e-dc590b5bd6aa"
    >
      <Styled(LinkComponent)
        href="http://www.Isabell.info/"
      >
        Et possimus facilis dignissimos commodi harum. Occaecati quam enim eius nam distinctio eos molestiae occaecati commodi. Placeat tenetur inventore fuga voluptas reiciendis neque aspernatur. Quaerat ducimus animi minus aut qui et. Omnis fugiat illum id nostrum temporibus.
      </Styled(LinkComponent)>
    </li>
    <li
      id="31843037-0aca-4e8c-84d6-c4d42c164ee9"
      key="31843037-0aca-4e8c-84d6-c4d42c164ee9"
    >
      <Styled(LinkComponent)
        href="http://Lydia.biz/"
      >
        Ut aut corporis at provident. Vitae ut excepturi vero maxime aut mollitia consectetur. Sit perspiciatis amet possimus nemo et in. Illo deleniti adipisci.
      </Styled(LinkComponent)>
    </li>
    <li
      id="14b4e0d5-2be4-4965-89c5-2342b617c9a8"
      key="14b4e0d5-2be4-4965-89c5-2342b617c9a8"
    >
      <Styled(LinkComponent)
        href="http://www.Noemi.info/"
      >
        Praesentium temporibus corporis quasi voluptas voluptas ullam labore quo. Consectetur laudantium quaerat nemo earum. Minus voluptates et modi. Id quaerat ut similique dolorum aperiam. Adipisci nemo alias beatae. Nisi rerum molestias nulla non exercitationem consequatur neque odit.
      </Styled(LinkComponent)>
    </li>
    <li
      id="4394effe-dbe3-43a4-9601-5d43075aed50"
      key="4394effe-dbe3-43a4-9601-5d43075aed50"
    >
      <Styled(LinkComponent)
        href="http://www.Cole.net/"
      >
        Cum aliquid atque aut sit aut. Ullam repudiandae neque enim rerum consequatur exercitationem. Unde libero dolorum at consequatur eos. At consequatur quia beatae nesciunt laudantium aut fugit. Officiis consequatur ut nihil fugit.
      </Styled(LinkComponent)>
    </li>
    <li
      id="d408ec10-d675-4a8b-afc0-6066af54deb3"
      key="d408ec10-d675-4a8b-afc0-6066af54deb3"
    >
      <Styled(LinkComponent)
        href="http://www.Buster.io/"
      >
        Aspernatur quis eaque nihil est tempora optio vel cumque. Doloremque quidem voluptates tempora maiores tempora officia. Totam rerum ut occaecati dolore sed saepe. Consequatur aut harum corrupti eos dolorem sunt.
      </Styled(LinkComponent)>
    </li>
    <li
      id="580c14a1-96ac-495a-8db2-7e877767a695"
      key="580c14a1-96ac-495a-8db2-7e877767a695"
    >
      <Styled(LinkComponent)
        href="http://www.Aniyah.org/"
      >
        Quis ratione amet aut porro. Voluptas ut est non illo quibusdam excepturi. Consequuntur neque minus accusantium quia. Modi cum porro quasi nihil a. Iusto nemo non debitis aperiam architecto quos et quia non. Laboriosam quia et exercitationem enim.
      </Styled(LinkComponent)>
    </li>
    <li
      id="9e37e78b-4840-4ff2-ab06-ad1fade0a1dd"
      key="9e37e78b-4840-4ff2-ab06-ad1fade0a1dd"
    >
      <Styled(LinkComponent)
        href="http://Deon.tv/"
      >
        Pariatur quas esse qui sed quae debitis nesciunt officiis. Necessitatibus libero repellendus libero enim. Natus quas sed ea excepturi laboriosam culpa dicta. Error tempore laborum rem. Nobis ab atque alias aperiam quaerat ducimus tenetur accusantium.
      </Styled(LinkComponent)>
    </li>
    <li
      id="937877cd-4bc8-492f-b910-71eb6e8e8860"
      key="937877cd-4bc8-492f-b910-71eb6e8e8860"
    >
      <Styled(LinkComponent)
        href="http://Terrill.name/"
      >
        Doloribus iure placeat vel officiis eveniet officia omnis non sint. Laborum molestiae maiores mollitia rerum quia laudantium possimus. Ut ut saepe. Consequatur sit ullam voluptas qui optio temporibus nemo. Eius fugit et vitae ipsum voluptas consequatur in eius.
      </Styled(LinkComponent)>
    </li>
    <li
      id="c13b20e4-df3a-4b26-9768-5fdd7f2b5dbf"
      key="c13b20e4-df3a-4b26-9768-5fdd7f2b5dbf"
    >
      <Styled(LinkComponent)
        href="http://www.Casey.us/"
      >
        Cupiditate eius aut ipsam quaerat inventore. Mollitia quia aspernatur. Mollitia beatae cupiditate possimus fugiat possimus distinctio accusamus quaerat perferendis.
      </Styled(LinkComponent)>
    </li>
    <li
      id="9e030ba5-2809-4e17-9460-b89bed9c3818"
      key="9e030ba5-2809-4e17-9460-b89bed9c3818"
    >
      <Styled(LinkComponent)
        href="http://Towne.tv/"
      >
        Eum et numquam. Hic occaecati sunt ea officia quos quisquam. Quo ut cupiditate aperiam dolores architecto et.
      </Styled(LinkComponent)>
    </li>
    <li
      id="f2f4ede7-8efb-48cf-9b7c-776942507d38"
      key="f2f4ede7-8efb-48cf-9b7c-776942507d38"
    >
      <Styled(LinkComponent)
        href="http://Delaney.info/"
      >
        Unde est magnam ut quia provident a. Praesentium dolor quo voluptates nulla neque non. Ullam ipsum omnis eum deleniti et est. Accusantium aut odit et quas numquam est nemo. Sit aut sed assumenda voluptatem est. Esse maxime aut magnam voluptatem earum et autem.
      </Styled(LinkComponent)>
    </li>
    <li
      id="e1382655-9553-44af-b829-8bf28726d473"
      key="e1382655-9553-44af-b829-8bf28726d473"
    >
      <Styled(LinkComponent)
        href="http://www.Waters.info/"
      >
        Nam eos ab. Non aut officia accusamus voluptates. Repudiandae consequatur et non sunt possimus sunt. Id sed dolorem doloremque laudantium consectetur sed cumque. Eos similique similique ut sint saepe tempore.
      </Styled(LinkComponent)>
    </li>
    <li
      id="37a48215-d480-4e28-b517-ea2da1ed86aa"
      key="37a48215-d480-4e28-b517-ea2da1ed86aa"
    >
      <Styled(LinkComponent)
        href="http://www.Nickolas.me/"
      >
        Cum ut nemo error laudantium. Quasi aspernatur temporibus ad aut. Facilis adipisci eius quisquam a mollitia maxime qui mollitia. Consequuntur numquam assumenda modi et sequi qui repudiandae et itaque. Dolor aut dolore sit odit.
      </Styled(LinkComponent)>
    </li>
    <li
      id="2b4f0b78-f491-49c7-8842-b3d2b3fe8464"
      key="2b4f0b78-f491-49c7-8842-b3d2b3fe8464"
    >
      <Styled(LinkComponent)
        href="http://www.Mitchell.io/"
      >
        Ducimus eum nam repellendus harum laboriosam. Aut et illum quibusdam aliquid. Ad aut iste facilis a et hic. Perferendis nihil eos. Et qui officia pariatur vel blanditiis nihil impedit rerum. Dolorum aspernatur quos ut.
      </Styled(LinkComponent)>
    </li>
    <li
      id="149c07a5-08a9-470d-9f6e-803a90367df3"
      key="149c07a5-08a9-470d-9f6e-803a90367df3"
    >
      <Styled(LinkComponent)
        href="http://Wehner.tv/"
      >
        Et praesentium minus rerum ea. Aliquid natus aut inventore. Explicabo est assumenda in dolores saepe sequi et. Et expedita doloribus consequuntur doloremque velit cum cumque eum. Aperiam qui temporibus a omnis qui omnis architecto. Iure ipsa rem velit id qui rerum architecto.
      </Styled(LinkComponent)>
    </li>
    <li
      id="d9b74ac5-d767-4048-b746-3a48d6343d88"
      key="d9b74ac5-d767-4048-b746-3a48d6343d88"
    >
      <Styled(LinkComponent)
        href="http://www.Haven.biz/"
      >
        Inventore quaerat sed nulla et autem est et. Aperiam nostrum voluptatem enim id quas consectetur unde. At omnis quam voluptates voluptas hic fugit fugit amet quis. Corporis est incidunt ad repudiandae qui ut architecto neque.
      </Styled(LinkComponent)>
    </li>
  </ul>
</div>
`;

exports[`<List /> matches snapshot 7`] = `
<div>
  <h5>
    repudiandae quis enim iure minima commodi molestias
  </h5>
  <ul>
    <li
      id="9ce5dcfd-2de8-49d8-a3a9-670a2108e694"
      key="9ce5dcfd-2de8-49d8-a3a9-670a2108e694"
    >
      <Styled(LinkComponent)
        href="http://www.Rutherford.info/"
      >
        Dolorum maiores inventore ut. Unde culpa rerum vel tempore voluptatem quis. Aperiam dolorem dolores aut. Eum quod provident dolores iure aut optio et voluptate. Aspernatur ducimus ut quasi inventore possimus voluptates.
      </Styled(LinkComponent)>
    </li>
    <li
      id="b3c5402f-a72b-4785-9091-72b8fd37a115"
      key="b3c5402f-a72b-4785-9091-72b8fd37a115"
    >
      <Styled(LinkComponent)
        href="http://www.Kiarra.us/"
      >
        Qui tempore repellendus eum dolorem sunt doloremque. Et alias ullam ut accusamus est voluptatem eaque. Quo doloremque voluptatem perspiciatis ut et fugiat. Fugiat tempore quo ad. Odit molestias ipsa illo dignissimos aliquid ad aperiam.
      </Styled(LinkComponent)>
    </li>
    <li
      id="c935015c-460f-490a-8ee1-e79a874063ad"
      key="c935015c-460f-490a-8ee1-e79a874063ad"
    >
      <Styled(LinkComponent)
        href="http://Mohamed.name/"
      >
        Magni asperiores esse aut laudantium. Amet sed est ut eius minima voluptatem. Voluptatem odit et voluptas deleniti necessitatibus id accusamus. Repellendus molestiae iure est numquam asperiores hic deleniti similique.
      </Styled(LinkComponent)>
    </li>
    <li
      id="f066c6f2-5cfd-4ac7-baec-18fad6edcfec"
      key="f066c6f2-5cfd-4ac7-baec-18fad6edcfec"
    >
      <Styled(LinkComponent)
        href="http://www.Gaylord.name/"
      >
        Nulla omnis natus illum ut optio sed maxime odio. Et illo cupiditate architecto laboriosam autem qui. Eius hic vitae incidunt repellendus reprehenderit occaecati. Modi expedita est sint eligendi ex dignissimos mollitia. Et reprehenderit est et distinctio et rerum qui.
      </Styled(LinkComponent)>
    </li>
    <li
      id="704dc698-d614-4701-a87d-486b621a6f48"
      key="704dc698-d614-4701-a87d-486b621a6f48"
    >
      <Styled(LinkComponent)
        href="http://Lucio.io/"
      >
        Iure dolor facere dolorem optio cumque quia consequatur. Nihil ipsam quia ipsa et quidem qui. Aut natus est eius et iusto voluptatibus inventore. Ut totam et quaerat magni.
      </Styled(LinkComponent)>
    </li>
    <li
      id="1d226847-069b-4b95-b94f-051b8df60e60"
      key="1d226847-069b-4b95-b94f-051b8df60e60"
    >
      <Styled(LinkComponent)
        href="http://www.Jennings.io/"
      >
        Expedita nesciunt reprehenderit vel quis veniam soluta esse. Dolor numquam ea dignissimos reiciendis eos pariatur velit. Sed ab eius eos illo tenetur voluptatibus sint repellendus quibusdam.
      </Styled(LinkComponent)>
    </li>
    <li
      id="fee4886f-5839-4135-8800-560c46a80b61"
      key="fee4886f-5839-4135-8800-560c46a80b61"
    >
      <Styled(LinkComponent)
        href="http://www.Padberg.io/"
      >
        Culpa rerum et optio similique quia hic modi esse ut. Cupiditate numquam mollitia omnis esse qui. Voluptas dolore vitae officia quos sequi provident id ea. Corrupti officiis officia vero inventore.
      </Styled(LinkComponent)>
    </li>
    <li
      id="8c4f539d-c4f6-4f76-ac15-d8e2892d027d"
      key="8c4f539d-c4f6-4f76-ac15-d8e2892d027d"
    >
      <Styled(LinkComponent)
        href="http://www.Aliza.org/"
      >
        Quia qui aspernatur ut a consequatur quis. Exercitationem asperiores odio. Aut quia cum odit quasi ut adipisci fugiat.
      </Styled(LinkComponent)>
    </li>
    <li
      id="0182b040-0ee4-4dcb-84d8-1cd7df39611b"
      key="0182b040-0ee4-4dcb-84d8-1cd7df39611b"
    >
      <Styled(LinkComponent)
        href="http://www.Marquis.biz/"
      >
        Est quam et facere itaque deleniti blanditiis qui. Non distinctio minus enim tempore minus voluptatem. Error quae vel consequatur vel vel nostrum aperiam voluptates. Sed similique quisquam.
      </Styled(LinkComponent)>
    </li>
    <li
      id="44f5a78f-8251-4512-a69f-936eee2ff983"
      key="44f5a78f-8251-4512-a69f-936eee2ff983"
    >
      <Styled(LinkComponent)
        href="http://Ulises.org/"
      >
        Tempore voluptas aut voluptatem non. Porro nihil a vitae quia ipsa reiciendis est et. Nemo esse ipsum molestiae dignissimos molestiae at.
      </Styled(LinkComponent)>
    </li>
    <li
      id="29037592-90f5-4b4b-bc92-2ec66d41b7a6"
      key="29037592-90f5-4b4b-bc92-2ec66d41b7a6"
    >
      <Styled(LinkComponent)
        href="http://www.Klein.org/"
      >
        Non eum culpa fuga placeat quod quisquam. Quaerat minima voluptatem dolores non tempora. Eum molestias ullam id earum.
      </Styled(LinkComponent)>
    </li>
    <li
      id="60546540-0fcf-44d9-ade0-e2a7d7247275"
      key="60546540-0fcf-44d9-ade0-e2a7d7247275"
    >
      <Styled(LinkComponent)
        href="http://Aletha.us/"
      >
        Officia accusamus similique est placeat. Eos minima vel consectetur id cupiditate quia nihil velit. Blanditiis fugiat molestias laudantium cupiditate et. Ea itaque repellat vel rerum adipisci.
      </Styled(LinkComponent)>
    </li>
    <li
      id="a950ce28-bc26-4b46-ad49-afa992fcc94c"
      key="a950ce28-bc26-4b46-ad49-afa992fcc94c"
    >
      <Styled(LinkComponent)
        href="http://Lourdes.io/"
      >
        Velit ea aut cum sed quia. At sint maxime tempora porro. Reprehenderit necessitatibus nesciunt est consectetur est molestias. Quia culpa nesciunt consectetur id quod aut aliquam natus est. Vero ut ex sunt illum culpa qui et.
      </Styled(LinkComponent)>
    </li>
    <li
      id="d26a8e83-ee66-4cd5-8ec8-91d037145357"
      key="d26a8e83-ee66-4cd5-8ec8-91d037145357"
    >
      <Styled(LinkComponent)
        href="http://www.Mustafa.net/"
      >
        Recusandae modi corporis rem animi. Atque molestiae qui eum et. Architecto maxime qui asperiores et aut quas dolores cum. Dolores laboriosam quaerat ab qui ab. Est fugit eligendi qui commodi et repellendus minus eius nemo.
      </Styled(LinkComponent)>
    </li>
    <li
      id="94b26ce3-0abe-4c2f-a98d-c62212c5a64c"
      key="94b26ce3-0abe-4c2f-a98d-c62212c5a64c"
    >
      <Styled(LinkComponent)
        href="http://www.Kutch.org/"
      >
        Unde laudantium recusandae voluptatem omnis ab optio quos maiores. Distinctio non sunt at nesciunt aliquid quidem. Dicta omnis repellendus omnis assumenda occaecati. Inventore iusto aut voluptatum inventore voluptates quia magni accusantium. Expedita earum non ipsa.
      </Styled(LinkComponent)>
    </li>
    <li
      id="e9cee635-e68e-4b85-b6c4-d6fdbbcc03a5"
      key="e9cee635-e68e-4b85-b6c4-d6fdbbcc03a5"
    >
      <Styled(LinkComponent)
        href="http://Mandy.com/"
      >
        Nam excepturi ut aut. Numquam quaerat ea provident et ut in ullam in. Eveniet ut voluptatem. Voluptatem at eius dolor. Illum iusto cupiditate non veniam vel consequuntur provident voluptate.
      </Styled(LinkComponent)>
    </li>
    <li
      id="16201cbd-d43a-4d25-9f7a-d56b6b6a15a8"
      key="16201cbd-d43a-4d25-9f7a-d56b6b6a15a8"
    >
      <Styled(LinkComponent)
        href="http://www.Mosciski.biz/"
      >
        Ipsam libero odio qui. Rerum error et at et. Labore qui exercitationem dolor nostrum iste aut dicta odit. Illum libero laborum nam neque sed eligendi saepe ullam. Ab perspiciatis nisi et nostrum aut.
      </Styled(LinkComponent)>
    </li>
    <li
      id="b86833ae-bbe3-461b-8285-be3e04f33d60"
      key="b86833ae-bbe3-461b-8285-be3e04f33d60"
    >
      <Styled(LinkComponent)
        href="http://Hyatt.biz/"
      >
        Voluptas tempora laboriosam rerum beatae nam ullam pariatur sint eum. Dolore labore dolore nisi consequatur vel magnam id consequuntur. Eveniet deleniti minima omnis praesentium sunt eveniet a sed. Et dolorem debitis doloremque illo excepturi voluptatem doloribus cumque.
      </Styled(LinkComponent)>
    </li>
  </ul>
</div>
`;

exports[`<List /> matches snapshot 8`] = `
<div>
  <h5>
    blanditiis id neque incidunt veniam est itaque
  </h5>
  <ul>
    <li
      id="50004248-a87a-4915-b9f4-c209c5bcb080"
      key="50004248-a87a-4915-b9f4-c209c5bcb080"
    >
      <Styled(LinkComponent)
        href="http://www.Virgil.org/"
      >
        Soluta pariatur natus eligendi placeat aut optio et. Provident consequatur voluptas eveniet. Doloremque consequuntur quia tempore est.
      </Styled(LinkComponent)>
    </li>
    <li
      id="c45767f2-d088-4f53-b39b-74c21371ddb6"
      key="c45767f2-d088-4f53-b39b-74c21371ddb6"
    >
      <Styled(LinkComponent)
        href="http://Donnie.biz/"
      >
        Cumque occaecati et aut aut est sit. Culpa debitis sint quod qui voluptatibus quo sint explicabo maiores. Saepe et provident similique temporibus cumque exercitationem. Magnam facilis placeat ea et ex est magni sapiente explicabo. Omnis enim nostrum animi doloremque est molestiae quaerat. Illum et reiciendis pariatur quia velit voluptatem architecto praesentium adipisci.
      </Styled(LinkComponent)>
    </li>
    <li
      id="547e8227-cc1d-438d-b055-a2ea32c241fa"
      key="547e8227-cc1d-438d-b055-a2ea32c241fa"
    >
      <Styled(LinkComponent)
        href="http://www.Edgardo.biz/"
      >
        Ullam et veritatis quos. Voluptas autem nostrum sint necessitatibus dignissimos eius veritatis. Sunt ex ad.
      </Styled(LinkComponent)>
    </li>
    <li
      id="2ffb01d8-c71a-4855-96c6-cf793e77a8c8"
      key="2ffb01d8-c71a-4855-96c6-cf793e77a8c8"
    >
      <Styled(LinkComponent)
        href="http://Goyette.net/"
      >
        Laboriosam ipsa tenetur dolorum id tempore voluptas officia. Totam quia ipsa quis quia aliquid eos ut qui. Numquam hic laudantium impedit illo nisi quibusdam. Quia aperiam dolores voluptas nemo velit dicta. Voluptatem est quibusdam reiciendis et ut aspernatur velit dolores.
      </Styled(LinkComponent)>
    </li>
    <li
      id="2806bd0f-f4c0-4ba5-a74a-10017273bc8c"
      key="2806bd0f-f4c0-4ba5-a74a-10017273bc8c"
    >
      <Styled(LinkComponent)
        href="http://www.Pattie.us/"
      >
        Incidunt ratione aut consequuntur voluptatum iste dolor consequatur. Eligendi praesentium dolore nostrum. Voluptate aut ut est.
      </Styled(LinkComponent)>
    </li>
    <li
      id="4d47a3d7-3ae6-4342-94a3-5a9d496e9df8"
      key="4d47a3d7-3ae6-4342-94a3-5a9d496e9df8"
    >
      <Styled(LinkComponent)
        href="http://www.Korey.tv/"
      >
        Praesentium quia autem saepe vitae. Aut ut est temporibus labore ratione quia aut adipisci. Qui omnis impedit asperiores voluptatem sequi numquam. Tempore omnis consequatur quibusdam voluptates iste nostrum in aspernatur. Dignissimos eveniet aut.
      </Styled(LinkComponent)>
    </li>
    <li
      id="9a96e370-8124-4713-9c24-9306a5b75c54"
      key="9a96e370-8124-4713-9c24-9306a5b75c54"
    >
      <Styled(LinkComponent)
        href="http://Hanna.io/"
      >
        Quae laborum dicta dolores. Aut consequuntur porro consequatur commodi corporis perspiciatis est sed. Et aut autem exercitationem deleniti aut ex velit qui.
      </Styled(LinkComponent)>
    </li>
    <li
      id="7f20c0c4-da03-4c7e-ae71-d804b3a8b3ad"
      key="7f20c0c4-da03-4c7e-ae71-d804b3a8b3ad"
    >
      <Styled(LinkComponent)
        href="http://Earlene.us/"
      >
        Consequatur exercitationem repellendus repudiandae ipsam atque in. Vero ut ut asperiores et consequuntur tempora voluptatum numquam. Voluptatem iure architecto a dolorem. Qui laudantium explicabo voluptatem sint qui. Possimus dolor dolorem at eaque odit. Quisquam voluptatibus qui a ut omnis aut doloribus.
      </Styled(LinkComponent)>
    </li>
    <li
      id="1e9dbdd1-ec9d-46d5-aabe-054e6c7285b4"
      key="1e9dbdd1-ec9d-46d5-aabe-054e6c7285b4"
    >
      <Styled(LinkComponent)
        href="http://Kub.net/"
      >
        Officiis pariatur voluptatem aut. Vitae eos impedit. Vitae eos aut est ducimus voluptatem est eum reiciendis aut. Et culpa rerum ut. Totam sit illum consequatur et veritatis molestiae excepturi praesentium est. Eius qui omnis deserunt ut aut.
      </Styled(LinkComponent)>
    </li>
    <li
      id="832778ec-7b3f-4163-9a86-95c15f0b1b7d"
      key="832778ec-7b3f-4163-9a86-95c15f0b1b7d"
    >
      <Styled(LinkComponent)
        href="http://Erdman.info/"
      >
        Velit exercitationem ut quis facilis. Esse doloremque nihil assumenda reiciendis. Nam eligendi assumenda temporibus nesciunt voluptatum velit quia. Nulla nam in.
      </Styled(LinkComponent)>
    </li>
    <li
      id="59705d7a-0d50-4c06-a733-6697bb0f0d71"
      key="59705d7a-0d50-4c06-a733-6697bb0f0d71"
    >
      <Styled(LinkComponent)
        href="http://Ervin.ca/"
      >
        Facere cum ex molestiae dicta animi qui autem deleniti vel. Sapiente reiciendis quis a. Molestias dolor id est enim consequuntur. Est cupiditate eum nulla enim.
      </Styled(LinkComponent)>
    </li>
    <li
      id="1bd0738c-70de-4d16-806f-53baa1cf1e0f"
      key="1bd0738c-70de-4d16-806f-53baa1cf1e0f"
    >
      <Styled(LinkComponent)
        href="http://Alexandrine.us/"
      >
        Laudantium qui voluptatem sint ut rem. Amet odit ipsam fuga. Porro odit et a ut molestias. Magni nam consequuntur magnam explicabo. Nihil vitae accusamus tenetur eligendi atque ipsam rem. Est accusamus corporis possimus unde voluptas voluptas.
      </Styled(LinkComponent)>
    </li>
  </ul>
</div>
`;
